node.exe : PASS 
src/modules/nonce/__tests__/nonce.controller.spec.ts
At C:\Program Files\nodejs\npx.ps1:29 char:3
+   & $NODE_EXE $NPX_CLI_JS $args
+   ~~~~~~~~~~~~~~~~~~~~~~~~~~~~~
    + CategoryInfo          : NotSpecified: (PASS src/module. 
   ..troller.spec.ts:String) [], RemoteException
    + FullyQualifiedErrorId : NativeCommandError
 
  NonceController
    ΓêÜ n├¬n trß║ú vß╗ü nonce th├ánh c├┤ng (61 ms)
    ΓêÜ n├¬n lß╗ùi nß║┐u walletAddress kh├┤ng hß╗úp lß╗ç (42 
ms)

PASS src/modules/market/__tests__/market.controller.spec.ts
  MarketController
    getCandles
      ΓêÜ n├¬n gß╗ìi marketService.getCandles vß╗¢i ─æ├║ng 
tham sß╗æ (66 ms)
      ΓêÜ n├¬n xß╗¡ l├╜ chuyß╗ân ─æß╗òi kiß╗âu dß╗» liß╗çu 
cho limit (7 ms)

PASS src/modules/wallet/__tests__/wallet.controller.spec.ts
  WalletController
    getWallet
      ΓêÜ should return wallet info (60 ms)
    depositToTrade
      ΓêÜ should deposit to trade and return success (12 ms)
    withdrawFromTrade
      ΓêÜ should withdraw from trade and return success (14 
ms)

PASS src/modules/pair/__tests__/pair.controller.spec.ts
  PairController
    ΓêÜ should be defined (47 ms)
    getAll
      ΓêÜ σ║öΦ┐öσ¢₧µëÇµ£ëΣ║ñµÿôσ»╣ (15 ms)
    getAllActive
      ΓêÜ σ║öΦ┐öσ¢₧µëÇµ£ëµ┐Çµ┤╗τÜäΣ║ñµÿôσ»╣ (9 ms)

PASS src/modules/user/__tests__/user.controller.spec.ts
  UserController
    isActiveUser
      ΓêÜ should return active status (34 ms)
      ΓêÜ should return false if user not active (6 ms)
    activateUser
      ΓêÜ should activate user and return status (7 ms)
      ΓêÜ should return isActive false if activation fails (8 
ms)

PASS 
src/modules/position/__tests__/position.controller.spec.ts
  PositionController
    Orders
      ΓêÜ openMarket n├¬n gß╗ìi service ─æ├║ng params (39 ms)
      ΓêÜ openLimit n├¬n gß╗ìi service ─æ├║ng params (6 ms)
      ΓêÜ updateOrder n├¬n gß╗ìi service ─æ├║ng params (6 ms)
      ΓêÜ cancelOrder n├¬n gß╗ìi service ─æ├║ng params (7 ms)
      ΓêÜ getOpenOrders n├¬n gß╗ìi service (8 ms)
      ΓêÜ getOrderHistory n├¬n gß╗ìi service (7 ms)
    Positions
      ΓêÜ getPositions n├¬n gß╗ìi service (5 ms)
      ΓêÜ getPosition n├¬n gß╗ìi service (7 ms)
      ΓêÜ updatePosition n├¬n gß╗ìi service ─æ├║ng params (6 
ms)
      ΓêÜ closePosition n├¬n gß╗ìi service ─æ├║ng params (6 
ms)
      ΓêÜ getPositionHistory n├¬n gß╗ìi service (5 ms)

Test Suites: 6 passed, 6 total
Tests:       25 passed, 25 total
Snapshots:   0 total
Time:        6.466 s
Ran all test suites matching 
src/modules/.*/.*controller.spec.ts.
