
> exodia-core@0.0.1 test
> jest --config jest-unit.json

node.exe : FAIL src/modules/pair/__test
s__/pair.service.spec.ts
At C:\Program Files\nodejs\npm.ps1:29 
char:3
+   & $NODE_EXE $NPM_CLI_JS $args
+   ~~~~~~~~~~~~~~~~~~~~~~~~~~~~~
    + CategoryInfo          : NotSpeci 
   fied: (FAIL src/module...service.s  
  pec.ts:String) [], RemoteException
    + FullyQualifiedErrorId : NativeCo 
   mmandError
 
  ΓùÅ PairService ΓÇ║ upsertPair ΓÇ║ 
should upsert and subscribe if pair is 
active

    Nest can't resolve dependencies of 
the PairService (PairRepository, 
OkxWs, ?). Please make sure that the 
argument PairValidationService at 
index [2] is available in the 
RootTestModule context.

    Potential solutions:
    - Is RootTestModule a valid NestJS 
module?
    - If PairValidationService is a 
provider, is it part of the current 
RootTestModule?
    - If PairValidationService is 
exported from a separate @Module, is 
that module imported within 
RootTestModule?
      @Module({
        imports: [ /* the Module 
containing PairValidationService */ ]
      })

    For more common dependency 
resolution issues, see: https://docs.ne
stjs.com/faq/common-errors

    [0m [90m 35 |[39m
     [90m 36 |[39m   
beforeEach([36masync[39m () 
[33m=>[39m {
    [31m[1m>[22m[39m[90m 37 
|[39m     [36mconst[39m 
module[33m:[39m 
[33mTestingModule[39m [33m=[39m 
[36mawait[39m [33mTest[39m[33m.[3
9mcreateTestingModule({
     [90m    |[39m                   
                [31m[1m^[22m[39m
     [90m 38 |[39m       
providers[33m:[39m [
     [90m 39 |[39m         
[33mPairService[39m[33m,[39m
     [90m 40 |[39m         { 
provide[33m:[39m 
[33mPairRepository[39m[33m,[39m 
useValue[33m:[39m mockPairRepo 
}[33m,[39m[0m

      at TestingInjector.lookupComponen
tInParentModules (node_modules/@nestjs/
core/injector/injector.js:290:19)
      at TestingInjector.resolveCompone
ntWrapper (node_modules/@nestjs/testing
/testing-injector.js:19:45)
      at resolveParam (node_modules/@ne
stjs/core/injector/injector.js:140:38)
          at async Promise.all (index 
2)
      at TestingInjector.resolveConstru
ctorParams (node_modules/@nestjs/core/i
njector/injector.js:169:27)
      at TestingInjector.loadInstance (
node_modules/@nestjs/core/injector/inje
ctor.js:75:13)
      at TestingInjector.loadProvider (
node_modules/@nestjs/core/injector/inje
ctor.js:103:9)
      at node_modules/@nestjs/core/inje
ctor/instance-loader.js:56:13
          at async Promise.all (index 
3)
      at TestingInstanceLoader.createIn
stancesOfProviders (node_modules/@nestj
s/core/injector/instance-loader.js:55:9
)
      at node_modules/@nestjs/core/inje
ctor/instance-loader.js:40:13
          at async Promise.all (index 
1)
      at 
TestingInstanceLoader.createInstances (
node_modules/@nestjs/core/injector/inst
ance-loader.js:39:9)
      at TestingInstanceLoader.createIn
stancesOfDependencies (node_modules/@ne
stjs/core/injector/instance-loader.js:2
2:13)
      at TestingInstanceLoader.createIn
stancesOfDependencies (node_modules/@ne
stjs/testing/testing-instance-loader.js
:9:9)
      at TestingModuleBuilder.createIns
tancesOfDependencies (node_modules/@nes
tjs/testing/testing-module.builder.js:1
18:9)
      at TestingModuleBuilder.compile (
node_modules/@nestjs/testing/testing-mo
dule.builder.js:74:9)
      at Object.<anonymous> (src/module
s/pair/__tests__/pair.service.spec.ts:3
7:35)

  ΓùÅ PairService ΓÇ║ upsertPair ΓÇ║ 
should upsert and unsubscribe if pair 
is inactive

    Nest can't resolve dependencies of 
the PairService (PairRepository, 
OkxWs, ?). Please make sure that the 
argument PairValidationService at 
index [2] is available in the 
RootTestModule context.

    Potential solutions:
    - Is RootTestModule a valid NestJS 
module?
    - If PairValidationService is a 
provider, is it part of the current 
RootTestModule?
    - If PairValidationService is 
exported from a separate @Module, is 
that module imported within 
RootTestModule?
      @Module({
        imports: [ /* the Module 
containing PairValidationService */ ]
      })

    For more common dependency 
resolution issues, see: https://docs.ne
stjs.com/faq/common-errors

    [0m [90m 35 |[39m
     [90m 36 |[39m   
beforeEach([36masync[39m () 
[33m=>[39m {
    [31m[1m>[22m[39m[90m 37 
|[39m     [36mconst[39m 
module[33m:[39m 
[33mTestingModule[39m [33m=[39m 
[36mawait[39m [33mTest[39m[33m.[3
9mcreateTestingModule({
     [90m    |[39m                   
                [31m[1m^[22m[39m
     [90m 38 |[39m       
providers[33m:[39m [
     [90m 39 |[39m         
[33mPairService[39m[33m,[39m
     [90m 40 |[39m         { 
provide[33m:[39m 
[33mPairRepository[39m[33m,[39m 
useValue[33m:[39m mockPairRepo 
}[33m,[39m[0m

      at TestingInjector.lookupComponen
tInParentModules (node_modules/@nestjs/
core/injector/injector.js:290:19)
      at TestingInjector.resolveCompone
ntWrapper (node_modules/@nestjs/testing
/testing-injector.js:19:45)
      at resolveParam (node_modules/@ne
stjs/core/injector/injector.js:140:38)
          at async Promise.all (index 
2)
      at TestingInjector.resolveConstru
ctorParams (node_modules/@nestjs/core/i
njector/injector.js:169:27)
      at TestingInjector.loadInstance (
node_modules/@nestjs/core/injector/inje
ctor.js:75:13)
      at TestingInjector.loadProvider (
node_modules/@nestjs/core/injector/inje
ctor.js:103:9)
      at node_modules/@nestjs/core/inje
ctor/instance-loader.js:56:13
          at async Promise.all (index 
3)
      at TestingInstanceLoader.createIn
stancesOfProviders (node_modules/@nestj
s/core/injector/instance-loader.js:55:9
)
      at node_modules/@nestjs/core/inje
ctor/instance-loader.js:40:13
          at async Promise.all (index 
1)
      at 
TestingInstanceLoader.createInstances (
node_modules/@nestjs/core/injector/inst
ance-loader.js:39:9)
      at TestingInstanceLoader.createIn
stancesOfDependencies (node_modules/@ne
stjs/core/injector/instance-loader.js:2
2:13)
      at TestingInstanceLoader.createIn
stancesOfDependencies (node_modules/@ne
stjs/testing/testing-instance-loader.js
:9:9)
      at TestingModuleBuilder.createIns
tancesOfDependencies (node_modules/@nes
tjs/testing/testing-module.builder.js:1
18:9)
      at TestingModuleBuilder.compile (
node_modules/@nestjs/testing/testing-mo
dule.builder.js:74:9)
      at Object.<anonymous> (src/module
s/pair/__tests__/pair.service.spec.ts:3
7:35)

  ΓùÅ PairService ΓÇ║ updateStatus ΓÇ║ 
should update status and subscribe if 
isActive is true

    Nest can't resolve dependencies of 
the PairService (PairRepository, 
OkxWs, ?). Please make sure that the 
argument PairValidationService at 
index [2] is available in the 
RootTestModule context.

    Potential solutions:
    - Is RootTestModule a valid NestJS 
module?
    - If PairValidationService is a 
provider, is it part of the current 
RootTestModule?
    - If PairValidationService is 
exported from a separate @Module, is 
that module imported within 
RootTestModule?
      @Module({
        imports: [ /* the Module 
containing PairValidationService */ ]
      })

    For more common dependency 
resolution issues, see: https://docs.ne
stjs.com/faq/common-errors

    [0m [90m 35 |[39m
     [90m 36 |[39m   
beforeEach([36masync[39m () 
[33m=>[39m {
    [31m[1m>[22m[39m[90m 37 
|[39m     [36mconst[39m 
module[33m:[39m 
[33mTestingModule[39m [33m=[39m 
[36mawait[39m [33mTest[39m[33m.[3
9mcreateTestingModule({
     [90m    |[39m                   
                [31m[1m^[22m[39m
     [90m 38 |[39m       
providers[33m:[39m [
     [90m 39 |[39m         
[33mPairService[39m[33m,[39m
     [90m 40 |[39m         { 
provide[33m:[39m 
[33mPairRepository[39m[33m,[39m 
useValue[33m:[39m mockPairRepo 
}[33m,[39m[0m

      at TestingInjector.lookupComponen
tInParentModules (node_modules/@nestjs/
core/injector/injector.js:290:19)
      at TestingInjector.resolveCompone
ntWrapper (node_modules/@nestjs/testing
/testing-injector.js:19:45)
      at resolveParam (node_modules/@ne
stjs/core/injector/injector.js:140:38)
          at async Promise.all (index 
2)
      at TestingInjector.resolveConstru
ctorParams (node_modules/@nestjs/core/i
njector/injector.js:169:27)
      at TestingInjector.loadInstance (
node_modules/@nestjs/core/injector/inje
ctor.js:75:13)
      at TestingInjector.loadProvider (
node_modules/@nestjs/core/injector/inje
ctor.js:103:9)
      at node_modules/@nestjs/core/inje
ctor/instance-loader.js:56:13
          at async Promise.all (index 
3)
      at TestingInstanceLoader.createIn
stancesOfProviders (node_modules/@nestj
s/core/injector/instance-loader.js:55:9
)
      at node_modules/@nestjs/core/inje
ctor/instance-loader.js:40:13
          at async Promise.all (index 
1)
      at 
TestingInstanceLoader.createInstances (
node_modules/@nestjs/core/injector/inst
ance-loader.js:39:9)
      at TestingInstanceLoader.createIn
stancesOfDependencies (node_modules/@ne
stjs/core/injector/instance-loader.js:2
2:13)
      at TestingInstanceLoader.createIn
stancesOfDependencies (node_modules/@ne
stjs/testing/testing-instance-loader.js
:9:9)
      at TestingModuleBuilder.createIns
tancesOfDependencies (node_modules/@nes
tjs/testing/testing-module.builder.js:1
18:9)
      at TestingModuleBuilder.compile (
node_modules/@nestjs/testing/testing-mo
dule.builder.js:74:9)
      at Object.<anonymous> (src/module
s/pair/__tests__/pair.service.spec.ts:3
7:35)

  ΓùÅ PairService ΓÇ║ updateStatus ΓÇ║ 
should update status and unsubscribe 
if isActive is false

    Nest can't resolve dependencies of 
the PairService (PairRepository, 
OkxWs, ?). Please make sure that the 
argument PairValidationService at 
index [2] is available in the 
RootTestModule context.

    Potential solutions:
    - Is RootTestModule a valid NestJS 
module?
    - If PairValidationService is a 
provider, is it part of the current 
RootTestModule?
    - If PairValidationService is 
exported from a separate @Module, is 
that module imported within 
RootTestModule?
      @Module({
        imports: [ /* the Module 
containing PairValidationService */ ]
      })

    For more common dependency 
resolution issues, see: https://docs.ne
stjs.com/faq/common-errors

    [0m [90m 35 |[39m
     [90m 36 |[39m   
beforeEach([36masync[39m () 
[33m=>[39m {
    [31m[1m>[22m[39m[90m 37 
|[39m     [36mconst[39m 
module[33m:[39m 
[33mTestingModule[39m [33m=[39m 
[36mawait[39m [33mTest[39m[33m.[3
9mcreateTestingModule({
     [90m    |[39m                   
                [31m[1m^[22m[39m
     [90m 38 |[39m       
providers[33m:[39m [
     [90m 39 |[39m         
[33mPairService[39m[33m,[39m
     [90m 40 |[39m         { 
provide[33m:[39m 
[33mPairRepository[39m[33m,[39m 
useValue[33m:[39m mockPairRepo 
}[33m,[39m[0m

      at TestingInjector.lookupComponen
tInParentModules (node_modules/@nestjs/
core/injector/injector.js:290:19)
      at TestingInjector.resolveCompone
ntWrapper (node_modules/@nestjs/testing
/testing-injector.js:19:45)
      at resolveParam (node_modules/@ne
stjs/core/injector/injector.js:140:38)
          at async Promise.all (index 
2)
      at TestingInjector.resolveConstru
ctorParams (node_modules/@nestjs/core/i
njector/injector.js:169:27)
      at TestingInjector.loadInstance (
node_modules/@nestjs/core/injector/inje
ctor.js:75:13)
      at TestingInjector.loadProvider (
node_modules/@nestjs/core/injector/inje
ctor.js:103:9)
      at node_modules/@nestjs/core/inje
ctor/instance-loader.js:56:13
          at async Promise.all (index 
3)
      at TestingInstanceLoader.createIn
stancesOfProviders (node_modules/@nestj
s/core/injector/instance-loader.js:55:9
)
      at node_modules/@nestjs/core/inje
ctor/instance-loader.js:40:13
          at async Promise.all (index 
1)
      at 
TestingInstanceLoader.createInstances (
node_modules/@nestjs/core/injector/inst
ance-loader.js:39:9)
      at TestingInstanceLoader.createIn
stancesOfDependencies (node_modules/@ne
stjs/core/injector/instance-loader.js:2
2:13)
      at TestingInstanceLoader.createIn
stancesOfDependencies (node_modules/@ne
stjs/testing/testing-instance-loader.js
:9:9)
      at TestingModuleBuilder.createIns
tancesOfDependencies (node_modules/@nes
tjs/testing/testing-module.builder.js:1
18:9)
      at TestingModuleBuilder.compile (
node_modules/@nestjs/testing/testing-mo
dule.builder.js:74:9)
      at Object.<anonymous> (src/module
s/pair/__tests__/pair.service.spec.ts:3
7:35)

  ΓùÅ PairService ΓÇ║ updateStatus ΓÇ║ 
should return null if pair not found

    Nest can't resolve dependencies of 
the PairService (PairRepository, 
OkxWs, ?). Please make sure that the 
argument PairValidationService at 
index [2] is available in the 
RootTestModule context.

    Potential solutions:
    - Is RootTestModule a valid NestJS 
module?
    - If PairValidationService is a 
provider, is it part of the current 
RootTestModule?
    - If PairValidationService is 
exported from a separate @Module, is 
that module imported within 
RootTestModule?
      @Module({
        imports: [ /* the Module 
containing PairValidationService */ ]
      })

    For more common dependency 
resolution issues, see: https://docs.ne
stjs.com/faq/common-errors

    [0m [90m 35 |[39m
     [90m 36 |[39m   
beforeEach([36masync[39m () 
[33m=>[39m {
    [31m[1m>[22m[39m[90m 37 
|[39m     [36mconst[39m 
module[33m:[39m 
[33mTestingModule[39m [33m=[39m 
[36mawait[39m [33mTest[39m[33m.[3
9mcreateTestingModule({
     [90m    |[39m                   
                [31m[1m^[22m[39m
     [90m 38 |[39m       
providers[33m:[39m [
     [90m 39 |[39m         
[33mPairService[39m[33m,[39m
     [90m 40 |[39m         { 
provide[33m:[39m 
[33mPairRepository[39m[33m,[39m 
useValue[33m:[39m mockPairRepo 
}[33m,[39m[0m

      at TestingInjector.lookupComponen
tInParentModules (node_modules/@nestjs/
core/injector/injector.js:290:19)
      at TestingInjector.resolveCompone
ntWrapper (node_modules/@nestjs/testing
/testing-injector.js:19:45)
      at resolveParam (node_modules/@ne
stjs/core/injector/injector.js:140:38)
          at async Promise.all (index 
2)
      at TestingInjector.resolveConstru
ctorParams (node_modules/@nestjs/core/i
njector/injector.js:169:27)
      at TestingInjector.loadInstance (
node_modules/@nestjs/core/injector/inje
ctor.js:75:13)
      at TestingInjector.loadProvider (
node_modules/@nestjs/core/injector/inje
ctor.js:103:9)
      at node_modules/@nestjs/core/inje
ctor/instance-loader.js:56:13
          at async Promise.all (index 
3)
      at TestingInstanceLoader.createIn
stancesOfProviders (node_modules/@nestj
s/core/injector/instance-loader.js:55:9
)
      at node_modules/@nestjs/core/inje
ctor/instance-loader.js:40:13
          at async Promise.all (index 
1)
      at 
TestingInstanceLoader.createInstances (
node_modules/@nestjs/core/injector/inst
ance-loader.js:39:9)
      at TestingInstanceLoader.createIn
stancesOfDependencies (node_modules/@ne
stjs/core/injector/instance-loader.js:2
2:13)
      at TestingInstanceLoader.createIn
stancesOfDependencies (node_modules/@ne
stjs/testing/testing-instance-loader.js
:9:9)
      at TestingModuleBuilder.createIns
tancesOfDependencies (node_modules/@nes
tjs/testing/testing-module.builder.js:1
18:9)
      at TestingModuleBuilder.compile (
node_modules/@nestjs/testing/testing-mo
dule.builder.js:74:9)
      at Object.<anonymous> (src/module
s/pair/__tests__/pair.service.spec.ts:3
7:35)

  ΓùÅ PairService ΓÇ║ deletePair ΓÇ║ 
should delete and unsubscribe

    Nest can't resolve dependencies of 
the PairService (PairRepository, 
OkxWs, ?). Please make sure that the 
argument PairValidationService at 
index [2] is available in the 
RootTestModule context.

    Potential solutions:
    - Is RootTestModule a valid NestJS 
module?
    - If PairValidationService is a 
provider, is it part of the current 
RootTestModule?
    - If PairValidationService is 
exported from a separate @Module, is 
that module imported within 
RootTestModule?
      @Module({
        imports: [ /* the Module 
containing PairValidationService */ ]
      })

    For more common dependency 
resolution issues, see: https://docs.ne
stjs.com/faq/common-errors

    [0m [90m 35 |[39m
     [90m 36 |[39m   
beforeEach([36masync[39m () 
[33m=>[39m {
    [31m[1m>[22m[39m[90m 37 
|[39m     [36mconst[39m 
module[33m:[39m 
[33mTestingModule[39m [33m=[39m 
[36mawait[39m [33mTest[39m[33m.[3
9mcreateTestingModule({
     [90m    |[39m                   
                [31m[1m^[22m[39m
     [90m 38 |[39m       
providers[33m:[39m [
     [90m 39 |[39m         
[33mPairService[39m[33m,[39m
     [90m 40 |[39m         { 
provide[33m:[39m 
[33mPairRepository[39m[33m,[39m 
useValue[33m:[39m mockPairRepo 
}[33m,[39m[0m

      at TestingInjector.lookupComponen
tInParentModules (node_modules/@nestjs/
core/injector/injector.js:290:19)
      at TestingInjector.resolveCompone
ntWrapper (node_modules/@nestjs/testing
/testing-injector.js:19:45)
      at resolveParam (node_modules/@ne
stjs/core/injector/injector.js:140:38)
          at async Promise.all (index 
2)
      at TestingInjector.resolveConstru
ctorParams (node_modules/@nestjs/core/i
njector/injector.js:169:27)
      at TestingInjector.loadInstance (
node_modules/@nestjs/core/injector/inje
ctor.js:75:13)
      at TestingInjector.loadProvider (
node_modules/@nestjs/core/injector/inje
ctor.js:103:9)
      at node_modules/@nestjs/core/inje
ctor/instance-loader.js:56:13
          at async Promise.all (index 
3)
      at TestingInstanceLoader.createIn
stancesOfProviders (node_modules/@nestj
s/core/injector/instance-loader.js:55:9
)
      at node_modules/@nestjs/core/inje
ctor/instance-loader.js:40:13
          at async Promise.all (index 
1)
      at 
TestingInstanceLoader.createInstances (
node_modules/@nestjs/core/injector/inst
ance-loader.js:39:9)
      at TestingInstanceLoader.createIn
stancesOfDependencies (node_modules/@ne
stjs/core/injector/instance-loader.js:2
2:13)
      at TestingInstanceLoader.createIn
stancesOfDependencies (node_modules/@ne
stjs/testing/testing-instance-loader.js
:9:9)
      at TestingModuleBuilder.createIns
tancesOfDependencies (node_modules/@nes
tjs/testing/testing-module.builder.js:1
18:9)
      at TestingModuleBuilder.compile (
node_modules/@nestjs/testing/testing-mo
dule.builder.js:74:9)
      at Object.<anonymous> (src/module
s/pair/__tests__/pair.service.spec.ts:3
7:35)

PASS src/modules/position/__tests__/pos
ition-validation.service.spec.ts
PASS src/modules/position/__tests__/pos
ition.service.spec.ts
PASS src/modules/user/__tests__/user.co
ntroller.spec.ts
PASS src/modules/position/__tests__/pos
ition.controller.spec.ts
PASS src/modules/wallet/__tests__/walle
t.controller.spec.ts
PASS src/repositories/position/__tests_
_/position.repository.spec.ts
PASS src/repositories/admin/__tests__/a
dmin.repository.spec.ts
PASS src/repositories/pair/__tests__/pa
ir.repository.spec.ts
FAIL src/modules/wallet/__tests__/walle
t.service.spec.ts
  ΓùÅ WalletService ΓÇ║ getWallet ΓÇ║ 
should create a new wallet with zero 
balances if none exists

    Nest can't resolve dependencies of 
the WalletService (WalletRepository, 
?). Please make sure that the argument 
WalletValidationService at index [1] 
is available in the RootTestModule 
context.

    Potential solutions:
    - Is RootTestModule a valid NestJS 
module?
    - If WalletValidationService is a 
provider, is it part of the current 
RootTestModule?
    - If WalletValidationService is 
exported from a separate @Module, is 
that module imported within 
RootTestModule?
      @Module({
        imports: [ /* the Module 
containing WalletValidationService */ ]
      })

    For more common dependency 
resolution issues, see: https://docs.ne
stjs.com/faq/common-errors

    [0m [90m 20 |[39m     
[36mawait[39m 
connectTestDB()[33m;[39m
     [90m 21 |[39m
    [31m[1m>[22m[39m[90m 22 
|[39m     [36mconst[39m 
module[33m:[39m 
[33mTestingModule[39m [33m=[39m 
[36mawait[39m [33mTest[39m[33m.[3
9mcreateTestingModule({
     [90m    |[39m                   
                [31m[1m^[22m[39m
     [90m 23 |[39m       
providers[33m:[39m 
[[33mWalletService[39m[33m,[39m 
[33mWalletRepository[39m][33m,[39m
     [90m 24 |[39m     
})[33m.[39mcompile()[33m;[39m
     [90m 25 |[39m[0m

      at TestingInjector.lookupComponen
tInParentModules (node_modules/@nestjs/
core/injector/injector.js:290:19)
      at TestingInjector.resolveCompone
ntWrapper (node_modules/@nestjs/testing
/testing-injector.js:19:45)
      at resolveParam (node_modules/@ne
stjs/core/injector/injector.js:140:38)
          at async Promise.all (index 
1)
      at TestingInjector.resolveConstru
ctorParams (node_modules/@nestjs/core/i
njector/injector.js:169:27)
      at TestingInjector.loadInstance (
node_modules/@nestjs/core/injector/inje
ctor.js:75:13)
      at TestingInjector.loadProvider (
node_modules/@nestjs/core/injector/inje
ctor.js:103:9)
      at node_modules/@nestjs/core/inje
ctor/instance-loader.js:56:13
          at async Promise.all (index 
3)
      at TestingInstanceLoader.createIn
stancesOfProviders (node_modules/@nestj
s/core/injector/instance-loader.js:55:9
)
      at node_modules/@nestjs/core/inje
ctor/instance-loader.js:40:13
          at async Promise.all (index 
1)
      at 
TestingInstanceLoader.createInstances (
node_modules/@nestjs/core/injector/inst
ance-loader.js:39:9)
      at TestingInstanceLoader.createIn
stancesOfDependencies (node_modules/@ne
stjs/core/injector/instance-loader.js:2
2:13)
      at TestingInstanceLoader.createIn
stancesOfDependencies (node_modules/@ne
stjs/testing/testing-instance-loader.js
:9:9)
      at TestingModuleBuilder.createIns
tancesOfDependencies (node_modules/@nes
tjs/testing/testing-module.builder.js:1
18:9)
      at TestingModuleBuilder.compile (
node_modules/@nestjs/testing/testing-mo
dule.builder.js:74:9)
      at Object.<anonymous> (src/module
s/wallet/__tests__/wallet.service.spec.
ts:22:35)

  ΓùÅ WalletService ΓÇ║ getWallet ΓÇ║ 
should return existing wallet without 
resetting balances

    Nest can't resolve dependencies of 
the WalletService (WalletRepository, 
?). Please make sure that the argument 
WalletValidationService at index [1] 
is available in the RootTestModule 
context.

    Potential solutions:
    - Is RootTestModule a valid NestJS 
module?
    - If WalletValidationService is a 
provider, is it part of the current 
RootTestModule?
    - If WalletValidationService is 
exported from a separate @Module, is 
that module imported within 
RootTestModule?
      @Module({
        imports: [ /* the Module 
containing WalletValidationService */ ]
      })

    For more common dependency 
resolution issues, see: https://docs.ne
stjs.com/faq/common-errors

    [0m [90m 20 |[39m     
[36mawait[39m 
connectTestDB()[33m;[39m
     [90m 21 |[39m
    [31m[1m>[22m[39m[90m 22 
|[39m     [36mconst[39m 
module[33m:[39m 
[33mTestingModule[39m [33m=[39m 
[36mawait[39m [33mTest[39m[33m.[3
9mcreateTestingModule({
     [90m    |[39m                   
                [31m[1m^[22m[39m
     [90m 23 |[39m       
providers[33m:[39m 
[[33mWalletService[39m[33m,[39m 
[33mWalletRepository[39m][33m,[39m
     [90m 24 |[39m     
})[33m.[39mcompile()[33m;[39m
     [90m 25 |[39m[0m

      at TestingInjector.lookupComponen
tInParentModules (node_modules/@nestjs/
core/injector/injector.js:290:19)
      at TestingInjector.resolveCompone
ntWrapper (node_modules/@nestjs/testing
/testing-injector.js:19:45)
      at resolveParam (node_modules/@ne
stjs/core/injector/injector.js:140:38)
          at async Promise.all (index 
1)
      at TestingInjector.resolveConstru
ctorParams (node_modules/@nestjs/core/i
njector/injector.js:169:27)
      at TestingInjector.loadInstance (
node_modules/@nestjs/core/injector/inje
ctor.js:75:13)
      at TestingInjector.loadProvider (
node_modules/@nestjs/core/injector/inje
ctor.js:103:9)
      at node_modules/@nestjs/core/inje
ctor/instance-loader.js:56:13
          at async Promise.all (index 
3)
      at TestingInstanceLoader.createIn
stancesOfProviders (node_modules/@nestj
s/core/injector/instance-loader.js:55:9
)
      at node_modules/@nestjs/core/inje
ctor/instance-loader.js:40:13
          at async Promise.all (index 
1)
      at 
TestingInstanceLoader.createInstances (
node_modules/@nestjs/core/injector/inst
ance-loader.js:39:9)
      at TestingInstanceLoader.createIn
stancesOfDependencies (node_modules/@ne
stjs/core/injector/instance-loader.js:2
2:13)
      at TestingInstanceLoader.createIn
stancesOfDependencies (node_modules/@ne
stjs/testing/testing-instance-loader.js
:9:9)
      at TestingModuleBuilder.createIns
tancesOfDependencies (node_modules/@nes
tjs/testing/testing-module.builder.js:1
18:9)
      at TestingModuleBuilder.compile (
node_modules/@nestjs/testing/testing-mo
dule.builder.js:74:9)
      at Object.<anonymous> (src/module
s/wallet/__tests__/wallet.service.spec.
ts:22:35)

  ΓùÅ WalletService ΓÇ║ getWallet ΓÇ║ 
should be idempotent ΓÇô calling twice 
returns the same wallet

    Nest can't resolve dependencies of 
the WalletService (WalletRepository, 
?). Please make sure that the argument 
WalletValidationService at index [1] 
is available in the RootTestModule 
context.

    Potential solutions:
    - Is RootTestModule a valid NestJS 
module?
    - If WalletValidationService is a 
provider, is it part of the current 
RootTestModule?
    - If WalletValidationService is 
exported from a separate @Module, is 
that module imported within 
RootTestModule?
      @Module({
        imports: [ /* the Module 
containing WalletValidationService */ ]
      })

    For more common dependency 
resolution issues, see: https://docs.ne
stjs.com/faq/common-errors

    [0m [90m 20 |[39m     
[36mawait[39m 
connectTestDB()[33m;[39m
     [90m 21 |[39m
    [31m[1m>[22m[39m[90m 22 
|[39m     [36mconst[39m 
module[33m:[39m 
[33mTestingModule[39m [33m=[39m 
[36mawait[39m [33mTest[39m[33m.[3
9mcreateTestingModule({
     [90m    |[39m                   
                [31m[1m^[22m[39m
     [90m 23 |[39m       
providers[33m:[39m 
[[33mWalletService[39m[33m,[39m 
[33mWalletRepository[39m][33m,[39m
     [90m 24 |[39m     
})[33m.[39mcompile()[33m;[39m
     [90m 25 |[39m[0m

      at TestingInjector.lookupComponen
tInParentModules (node_modules/@nestjs/
core/injector/injector.js:290:19)
      at TestingInjector.resolveCompone
ntWrapper (node_modules/@nestjs/testing
/testing-injector.js:19:45)
      at resolveParam (node_modules/@ne
stjs/core/injector/injector.js:140:38)
          at async Promise.all (index 
1)
      at TestingInjector.resolveConstru
ctorParams (node_modules/@nestjs/core/i
njector/injector.js:169:27)
      at TestingInjector.loadInstance (
node_modules/@nestjs/core/injector/inje
ctor.js:75:13)
      at TestingInjector.loadProvider (
node_modules/@nestjs/core/injector/inje
ctor.js:103:9)
      at node_modules/@nestjs/core/inje
ctor/instance-loader.js:56:13
          at async Promise.all (index 
3)
      at TestingInstanceLoader.createIn
stancesOfProviders (node_modules/@nestj
s/core/injector/instance-loader.js:55:9
)
      at node_modules/@nestjs/core/inje
ctor/instance-loader.js:40:13
          at async Promise.all (index 
1)
      at 
TestingInstanceLoader.createInstances (
node_modules/@nestjs/core/injector/inst
ance-loader.js:39:9)
      at TestingInstanceLoader.createIn
stancesOfDependencies (node_modules/@ne
stjs/core/injector/instance-loader.js:2
2:13)
      at TestingInstanceLoader.createIn
stancesOfDependencies (node_modules/@ne
stjs/testing/testing-instance-loader.js
:9:9)
      at TestingModuleBuilder.createIns
tancesOfDependencies (node_modules/@nes
tjs/testing/testing-module.builder.js:1
18:9)
      at TestingModuleBuilder.compile (
node_modules/@nestjs/testing/testing-mo
dule.builder.js:74:9)
      at Object.<anonymous> (src/module
s/wallet/__tests__/wallet.service.spec.
ts:22:35)

  ΓùÅ WalletService ΓÇ║ depositToTrade 
ΓÇ║ should move funds from balance to 
tradeBalance

    Nest can't resolve dependencies of 
the WalletService (WalletRepository, 
?). Please make sure that the argument 
WalletValidationService at index [1] 
is available in the RootTestModule 
context.

    Potential solutions:
    - Is RootTestModule a valid NestJS 
module?
    - If WalletValidationService is a 
provider, is it part of the current 
RootTestModule?
    - If WalletValidationService is 
exported from a separate @Module, is 
that module imported within 
RootTestModule?
      @Module({
        imports: [ /* the Module 
containing WalletValidationService */ ]
      })

    For more common dependency 
resolution issues, see: https://docs.ne
stjs.com/faq/common-errors

    [0m [90m 20 |[39m     
[36mawait[39m 
connectTestDB()[33m;[39m
     [90m 21 |[39m
    [31m[1m>[22m[39m[90m 22 
|[39m     [36mconst[39m 
module[33m:[39m 
[33mTestingModule[39m [33m=[39m 
[36mawait[39m [33mTest[39m[33m.[3
9mcreateTestingModule({
     [90m    |[39m                   
                [31m[1m^[22m[39m
     [90m 23 |[39m       
providers[33m:[39m 
[[33mWalletService[39m[33m,[39m 
[33mWalletRepository[39m][33m,[39m
     [90m 24 |[39m     
})[33m.[39mcompile()[33m;[39m
     [90m 25 |[39m[0m

      at TestingInjector.lookupComponen
tInParentModules (node_modules/@nestjs/
core/injector/injector.js:290:19)
      at TestingInjector.resolveCompone
ntWrapper (node_modules/@nestjs/testing
/testing-injector.js:19:45)
      at resolveParam (node_modules/@ne
stjs/core/injector/injector.js:140:38)
          at async Promise.all (index 
1)
      at TestingInjector.resolveConstru
ctorParams (node_modules/@nestjs/core/i
njector/injector.js:169:27)
      at TestingInjector.loadInstance (
node_modules/@nestjs/core/injector/inje
ctor.js:75:13)
      at TestingInjector.loadProvider (
node_modules/@nestjs/core/injector/inje
ctor.js:103:9)
      at node_modules/@nestjs/core/inje
ctor/instance-loader.js:56:13
          at async Promise.all (index 
3)
      at TestingInstanceLoader.createIn
stancesOfProviders (node_modules/@nestj
s/core/injector/instance-loader.js:55:9
)
      at node_modules/@nestjs/core/inje
ctor/instance-loader.js:40:13
          at async Promise.all (index 
1)
      at 
TestingInstanceLoader.createInstances (
node_modules/@nestjs/core/injector/inst
ance-loader.js:39:9)
      at TestingInstanceLoader.createIn
stancesOfDependencies (node_modules/@ne
stjs/core/injector/instance-loader.js:2
2:13)
      at TestingInstanceLoader.createIn
stancesOfDependencies (node_modules/@ne
stjs/testing/testing-instance-loader.js
:9:9)
      at TestingModuleBuilder.createIns
tancesOfDependencies (node_modules/@nes
tjs/testing/testing-module.builder.js:1
18:9)
      at TestingModuleBuilder.compile (
node_modules/@nestjs/testing/testing-mo
dule.builder.js:74:9)
      at Object.<anonymous> (src/module
s/wallet/__tests__/wallet.service.spec.
ts:22:35)

  ΓùÅ WalletService ΓÇ║ depositToTrade 
ΓÇ║ should move the entire balance if 
amount equals balance

    Nest can't resolve dependencies of 
the WalletService (WalletRepository, 
?). Please make sure that the argument 
WalletValidationService at index [1] 
is available in the RootTestModule 
context.

    Potential solutions:
    - Is RootTestModule a valid NestJS 
module?
    - If WalletValidationService is a 
provider, is it part of the current 
RootTestModule?
    - If WalletValidationService is 
exported from a separate @Module, is 
that module imported within 
RootTestModule?
      @Module({
        imports: [ /* the Module 
containing WalletValidationService */ ]
      })

    For more common dependency 
resolution issues, see: https://docs.ne
stjs.com/faq/common-errors

    [0m [90m 20 |[39m     
[36mawait[39m 
connectTestDB()[33m;[39m
     [90m 21 |[39m
    [31m[1m>[22m[39m[90m 22 
|[39m     [36mconst[39m 
module[33m:[39m 
[33mTestingModule[39m [33m=[39m 
[36mawait[39m [33mTest[39m[33m.[3
9mcreateTestingModule({
     [90m    |[39m                   
                [31m[1m^[22m[39m
     [90m 23 |[39m       
providers[33m:[39m 
[[33mWalletService[39m[33m,[39m 
[33mWalletRepository[39m][33m,[39m
     [90m 24 |[39m     
})[33m.[39mcompile()[33m;[39m
     [90m 25 |[39m[0m

      at TestingInjector.lookupComponen
tInParentModules (node_modules/@nestjs/
core/injector/injector.js:290:19)
      at TestingInjector.resolveCompone
ntWrapper (node_modules/@nestjs/testing
/testing-injector.js:19:45)
      at resolveParam (node_modules/@ne
stjs/core/injector/injector.js:140:38)
          at async Promise.all (index 
1)
      at TestingInjector.resolveConstru
ctorParams (node_modules/@nestjs/core/i
njector/injector.js:169:27)
      at TestingInjector.loadInstance (
node_modules/@nestjs/core/injector/inje
ctor.js:75:13)
      at TestingInjector.loadProvider (
node_modules/@nestjs/core/injector/inje
ctor.js:103:9)
      at node_modules/@nestjs/core/inje
ctor/instance-loader.js:56:13
          at async Promise.all (index 
3)
      at TestingInstanceLoader.createIn
stancesOfProviders (node_modules/@nestj
s/core/injector/instance-loader.js:55:9
)
      at node_modules/@nestjs/core/inje
ctor/instance-loader.js:40:13
          at async Promise.all (index 
1)
      at 
TestingInstanceLoader.createInstances (
node_modules/@nestjs/core/injector/inst
ance-loader.js:39:9)
      at TestingInstanceLoader.createIn
stancesOfDependencies (node_modules/@ne
stjs/core/injector/instance-loader.js:2
2:13)
      at TestingInstanceLoader.createIn
stancesOfDependencies (node_modules/@ne
stjs/testing/testing-instance-loader.js
:9:9)
      at TestingModuleBuilder.createIns
tancesOfDependencies (node_modules/@nes
tjs/testing/testing-module.builder.js:1
18:9)
      at TestingModuleBuilder.compile (
node_modules/@nestjs/testing/testing-mo
dule.builder.js:74:9)
      at Object.<anonymous> (src/module
s/wallet/__tests__/wallet.service.spec.
ts:22:35)

  ΓùÅ WalletService ΓÇ║ depositToTrade 
ΓÇ║ should throw BadRequestException 
when amount <= 0

    Nest can't resolve dependencies of 
the WalletService (WalletRepository, 
?). Please make sure that the argument 
WalletValidationService at index [1] 
is available in the RootTestModule 
context.

    Potential solutions:
    - Is RootTestModule a valid NestJS 
module?
    - If WalletValidationService is a 
provider, is it part of the current 
RootTestModule?
    - If WalletValidationService is 
exported from a separate @Module, is 
that module imported within 
RootTestModule?
      @Module({
        imports: [ /* the Module 
containing WalletValidationService */ ]
      })

    For more common dependency 
resolution issues, see: https://docs.ne
stjs.com/faq/common-errors

    [0m [90m 20 |[39m     
[36mawait[39m 
connectTestDB()[33m;[39m
     [90m 21 |[39m
    [31m[1m>[22m[39m[90m 22 
|[39m     [36mconst[39m 
module[33m:[39m 
[33mTestingModule[39m [33m=[39m 
[36mawait[39m [33mTest[39m[33m.[3
9mcreateTestingModule({
     [90m    |[39m                   
                [31m[1m^[22m[39m
     [90m 23 |[39m       
providers[33m:[39m 
[[33mWalletService[39m[33m,[39m 
[33mWalletRepository[39m][33m,[39m
     [90m 24 |[39m     
})[33m.[39mcompile()[33m;[39m
     [90m 25 |[39m[0m

      at TestingInjector.lookupComponen
tInParentModules (node_modules/@nestjs/
core/injector/injector.js:290:19)
      at TestingInjector.resolveCompone
ntWrapper (node_modules/@nestjs/testing
/testing-injector.js:19:45)
      at resolveParam (node_modules/@ne
stjs/core/injector/injector.js:140:38)
          at async Promise.all (index 
1)
      at TestingInjector.resolveConstru
ctorParams (node_modules/@nestjs/core/i
njector/injector.js:169:27)
      at TestingInjector.loadInstance (
node_modules/@nestjs/core/injector/inje
ctor.js:75:13)
      at TestingInjector.loadProvider (
node_modules/@nestjs/core/injector/inje
ctor.js:103:9)
      at node_modules/@nestjs/core/inje
ctor/instance-loader.js:56:13
          at async Promise.all (index 
3)
      at TestingInstanceLoader.createIn
stancesOfProviders (node_modules/@nestj
s/core/injector/instance-loader.js:55:9
)
      at node_modules/@nestjs/core/inje
ctor/instance-loader.js:40:13
          at async Promise.all (index 
1)
      at 
TestingInstanceLoader.createInstances (
node_modules/@nestjs/core/injector/inst
ance-loader.js:39:9)
      at TestingInstanceLoader.createIn
stancesOfDependencies (node_modules/@ne
stjs/core/injector/instance-loader.js:2
2:13)
      at TestingInstanceLoader.createIn
stancesOfDependencies (node_modules/@ne
stjs/testing/testing-instance-loader.js
:9:9)
      at TestingModuleBuilder.createIns
tancesOfDependencies (node_modules/@nes
tjs/testing/testing-module.builder.js:1
18:9)
      at TestingModuleBuilder.compile (
node_modules/@nestjs/testing/testing-mo
dule.builder.js:74:9)
      at Object.<anonymous> (src/module
s/wallet/__tests__/wallet.service.spec.
ts:22:35)

  ΓùÅ WalletService ΓÇ║ depositToTrade 
ΓÇ║ should throw BadRequestException 
when balance is insufficient

    Nest can't resolve dependencies of 
the WalletService (WalletRepository, 
?). Please make sure that the argument 
WalletValidationService at index [1] 
is available in the RootTestModule 
context.

    Potential solutions:
    - Is RootTestModule a valid NestJS 
module?
    - If WalletValidationService is a 
provider, is it part of the current 
RootTestModule?
    - If WalletValidationService is 
exported from a separate @Module, is 
that module imported within 
RootTestModule?
      @Module({
        imports: [ /* the Module 
containing WalletValidationService */ ]
      })

    For more common dependency 
resolution issues, see: https://docs.ne
stjs.com/faq/common-errors

    [0m [90m 20 |[39m     
[36mawait[39m 
connectTestDB()[33m;[39m
     [90m 21 |[39m
    [31m[1m>[22m[39m[90m 22 
|[39m     [36mconst[39m 
module[33m:[39m 
[33mTestingModule[39m [33m=[39m 
[36mawait[39m [33mTest[39m[33m.[3
9mcreateTestingModule({
     [90m    |[39m                   
                [31m[1m^[22m[39m
     [90m 23 |[39m       
providers[33m:[39m 
[[33mWalletService[39m[33m,[39m 
[33mWalletRepository[39m][33m,[39m
     [90m 24 |[39m     
})[33m.[39mcompile()[33m;[39m
     [90m 25 |[39m[0m

      at TestingInjector.lookupComponen
tInParentModules (node_modules/@nestjs/
core/injector/injector.js:290:19)
      at TestingInjector.resolveCompone
ntWrapper (node_modules/@nestjs/testing
/testing-injector.js:19:45)
      at resolveParam (node_modules/@ne
stjs/core/injector/injector.js:140:38)
          at async Promise.all (index 
1)
      at TestingInjector.resolveConstru
ctorParams (node_modules/@nestjs/core/i
njector/injector.js:169:27)
      at TestingInjector.loadInstance (
node_modules/@nestjs/core/injector/inje
ctor.js:75:13)
      at TestingInjector.loadProvider (
node_modules/@nestjs/core/injector/inje
ctor.js:103:9)
      at node_modules/@nestjs/core/inje
ctor/instance-loader.js:56:13
          at async Promise.all (index 
3)
      at TestingInstanceLoader.createIn
stancesOfProviders (node_modules/@nestj
s/core/injector/instance-loader.js:55:9
)
      at node_modules/@nestjs/core/inje
ctor/instance-loader.js:40:13
          at async Promise.all (index 
1)
      at 
TestingInstanceLoader.createInstances (
node_modules/@nestjs/core/injector/inst
ance-loader.js:39:9)
      at TestingInstanceLoader.createIn
stancesOfDependencies (node_modules/@ne
stjs/core/injector/instance-loader.js:2
2:13)
      at TestingInstanceLoader.createIn
stancesOfDependencies (node_modules/@ne
stjs/testing/testing-instance-loader.js
:9:9)
      at TestingModuleBuilder.createIns
tancesOfDependencies (node_modules/@nes
tjs/testing/testing-module.builder.js:1
18:9)
      at TestingModuleBuilder.compile (
node_modules/@nestjs/testing/testing-mo
dule.builder.js:74:9)
      at Object.<anonymous> (src/module
s/wallet/__tests__/wallet.service.spec.
ts:22:35)

  ΓùÅ WalletService ΓÇ║ depositToTrade 
ΓÇ║ should throw BadRequestException 
when wallet does not exist

    Nest can't resolve dependencies of 
the WalletService (WalletRepository, 
?). Please make sure that the argument 
WalletValidationService at index [1] 
is available in the RootTestModule 
context.

    Potential solutions:
    - Is RootTestModule a valid NestJS 
module?
    - If WalletValidationService is a 
provider, is it part of the current 
RootTestModule?
    - If WalletValidationService is 
exported from a separate @Module, is 
that module imported within 
RootTestModule?
      @Module({
        imports: [ /* the Module 
containing WalletValidationService */ ]
      })

    For more common dependency 
resolution issues, see: https://docs.ne
stjs.com/faq/common-errors

    [0m [90m 20 |[39m     
[36mawait[39m 
connectTestDB()[33m;[39m
     [90m 21 |[39m
    [31m[1m>[22m[39m[90m 22 
|[39m     [36mconst[39m 
module[33m:[39m 
[33mTestingModule[39m [33m=[39m 
[36mawait[39m [33mTest[39m[33m.[3
9mcreateTestingModule({
     [90m    |[39m                   
                [31m[1m^[22m[39m
     [90m 23 |[39m       
providers[33m:[39m 
[[33mWalletService[39m[33m,[39m 
[33mWalletRepository[39m][33m,[39m
     [90m 24 |[39m     
})[33m.[39mcompile()[33m;[39m
     [90m 25 |[39m[0m

      at TestingInjector.lookupComponen
tInParentModules (node_modules/@nestjs/
core/injector/injector.js:290:19)
      at TestingInjector.resolveCompone
ntWrapper (node_modules/@nestjs/testing
/testing-injector.js:19:45)
      at resolveParam (node_modules/@ne
stjs/core/injector/injector.js:140:38)
          at async Promise.all (index 
1)
      at TestingInjector.resolveConstru
ctorParams (node_modules/@nestjs/core/i
njector/injector.js:169:27)
      at TestingInjector.loadInstance (
node_modules/@nestjs/core/injector/inje
ctor.js:75:13)
      at TestingInjector.loadProvider (
node_modules/@nestjs/core/injector/inje
ctor.js:103:9)
      at node_modules/@nestjs/core/inje
ctor/instance-loader.js:56:13
          at async Promise.all (index 
3)
      at TestingInstanceLoader.createIn
stancesOfProviders (node_modules/@nestj
s/core/injector/instance-loader.js:55:9
)
      at node_modules/@nestjs/core/inje
ctor/instance-loader.js:40:13
          at async Promise.all (index 
1)
      at 
TestingInstanceLoader.createInstances (
node_modules/@nestjs/core/injector/inst
ance-loader.js:39:9)
      at TestingInstanceLoader.createIn
stancesOfDependencies (node_modules/@ne
stjs/core/injector/instance-loader.js:2
2:13)
      at TestingInstanceLoader.createIn
stancesOfDependencies (node_modules/@ne
stjs/testing/testing-instance-loader.js
:9:9)
      at TestingModuleBuilder.createIns
tancesOfDependencies (node_modules/@nes
tjs/testing/testing-module.builder.js:1
18:9)
      at TestingModuleBuilder.compile (
node_modules/@nestjs/testing/testing-mo
dule.builder.js:74:9)
      at Object.<anonymous> (src/module
s/wallet/__tests__/wallet.service.spec.
ts:22:35)

  ΓùÅ WalletService ΓÇ║ 
withdrawFromTrade ΓÇ║ should move 
funds from tradeBalance back to balance

    Nest can't resolve dependencies of 
the WalletService (WalletRepository, 
?). Please make sure that the argument 
WalletValidationService at index [1] 
is available in the RootTestModule 
context.

    Potential solutions:
    - Is RootTestModule a valid NestJS 
module?
    - If WalletValidationService is a 
provider, is it part of the current 
RootTestModule?
    - If WalletValidationService is 
exported from a separate @Module, is 
that module imported within 
RootTestModule?
      @Module({
        imports: [ /* the Module 
containing WalletValidationService */ ]
      })

    For more common dependency 
resolution issues, see: https://docs.ne
stjs.com/faq/common-errors

    [0m [90m 20 |[39m     
[36mawait[39m 
connectTestDB()[33m;[39m
     [90m 21 |[39m
    [31m[1m>[22m[39m[90m 22 
|[39m     [36mconst[39m 
module[33m:[39m 
[33mTestingModule[39m [33m=[39m 
[36mawait[39m [33mTest[39m[33m.[3
9mcreateTestingModule({
     [90m    |[39m                   
                [31m[1m^[22m[39m
     [90m 23 |[39m       
providers[33m:[39m 
[[33mWalletService[39m[33m,[39m 
[33mWalletRepository[39m][33m,[39m
     [90m 24 |[39m     
})[33m.[39mcompile()[33m;[39m
     [90m 25 |[39m[0m

      at TestingInjector.lookupComponen
tInParentModules (node_modules/@nestjs/
core/injector/injector.js:290:19)
      at TestingInjector.resolveCompone
ntWrapper (node_modules/@nestjs/testing
/testing-injector.js:19:45)
      at resolveParam (node_modules/@ne
stjs/core/injector/injector.js:140:38)
          at async Promise.all (index 
1)
      at TestingInjector.resolveConstru
ctorParams (node_modules/@nestjs/core/i
njector/injector.js:169:27)
      at TestingInjector.loadInstance (
node_modules/@nestjs/core/injector/inje
ctor.js:75:13)
      at TestingInjector.loadProvider (
node_modules/@nestjs/core/injector/inje
ctor.js:103:9)
      at node_modules/@nestjs/core/inje
ctor/instance-loader.js:56:13
          at async Promise.all (index 
3)
      at TestingInstanceLoader.createIn
stancesOfProviders (node_modules/@nestj
s/core/injector/instance-loader.js:55:9
)
      at node_modules/@nestjs/core/inje
ctor/instance-loader.js:40:13
          at async Promise.all (index 
1)
      at 
TestingInstanceLoader.createInstances (
node_modules/@nestjs/core/injector/inst
ance-loader.js:39:9)
      at TestingInstanceLoader.createIn
stancesOfDependencies (node_modules/@ne
stjs/core/injector/instance-loader.js:2
2:13)
      at TestingInstanceLoader.createIn
stancesOfDependencies (node_modules/@ne
stjs/testing/testing-instance-loader.js
:9:9)
      at TestingModuleBuilder.createIns
tancesOfDependencies (node_modules/@nes
tjs/testing/testing-module.builder.js:1
18:9)
      at TestingModuleBuilder.compile (
node_modules/@nestjs/testing/testing-mo
dule.builder.js:74:9)
      at Object.<anonymous> (src/module
s/wallet/__tests__/wallet.service.spec.
ts:22:35)

  ΓùÅ WalletService ΓÇ║ 
withdrawFromTrade ΓÇ║ should withdraw 
the entire tradeBalance

    Nest can't resolve dependencies of 
the WalletService (WalletRepository, 
?). Please make sure that the argument 
WalletValidationService at index [1] 
is available in the RootTestModule 
context.

    Potential solutions:
    - Is RootTestModule a valid NestJS 
module?
    - If WalletValidationService is a 
provider, is it part of the current 
RootTestModule?
    - If WalletValidationService is 
exported from a separate @Module, is 
that module imported within 
RootTestModule?
      @Module({
        imports: [ /* the Module 
containing WalletValidationService */ ]
      })

    For more common dependency 
resolution issues, see: https://docs.ne
stjs.com/faq/common-errors

    [0m [90m 20 |[39m     
[36mawait[39m 
connectTestDB()[33m;[39m
     [90m 21 |[39m
    [31m[1m>[22m[39m[90m 22 
|[39m     [36mconst[39m 
module[33m:[39m 
[33mTestingModule[39m [33m=[39m 
[36mawait[39m [33mTest[39m[33m.[3
9mcreateTestingModule({
     [90m    |[39m                   
                [31m[1m^[22m[39m
     [90m 23 |[39m       
providers[33m:[39m 
[[33mWalletService[39m[33m,[39m 
[33mWalletRepository[39m][33m,[39m
     [90m 24 |[39m     
})[33m.[39mcompile()[33m;[39m
     [90m 25 |[39m[0m

      at TestingInjector.lookupComponen
tInParentModules (node_modules/@nestjs/
core/injector/injector.js:290:19)
      at TestingInjector.resolveCompone
ntWrapper (node_modules/@nestjs/testing
/testing-injector.js:19:45)
      at resolveParam (node_modules/@ne
stjs/core/injector/injector.js:140:38)
          at async Promise.all (index 
1)
      at TestingInjector.resolveConstru
ctorParams (node_modules/@nestjs/core/i
njector/injector.js:169:27)
      at TestingInjector.loadInstance (
node_modules/@nestjs/core/injector/inje
ctor.js:75:13)
      at TestingInjector.loadProvider (
node_modules/@nestjs/core/injector/inje
ctor.js:103:9)
      at node_modules/@nestjs/core/inje
ctor/instance-loader.js:56:13
          at async Promise.all (index 
3)
      at TestingInstanceLoader.createIn
stancesOfProviders (node_modules/@nestj
s/core/injector/instance-loader.js:55:9
)
      at node_modules/@nestjs/core/inje
ctor/instance-loader.js:40:13
          at async Promise.all (index 
1)
      at 
TestingInstanceLoader.createInstances (
node_modules/@nestjs/core/injector/inst
ance-loader.js:39:9)
      at TestingInstanceLoader.createIn
stancesOfDependencies (node_modules/@ne
stjs/core/injector/instance-loader.js:2
2:13)
      at TestingInstanceLoader.createIn
stancesOfDependencies (node_modules/@ne
stjs/testing/testing-instance-loader.js
:9:9)
      at TestingModuleBuilder.createIns
tancesOfDependencies (node_modules/@nes
tjs/testing/testing-module.builder.js:1
18:9)
      at TestingModuleBuilder.compile (
node_modules/@nestjs/testing/testing-mo
dule.builder.js:74:9)
      at Object.<anonymous> (src/module
s/wallet/__tests__/wallet.service.spec.
ts:22:35)

  ΓùÅ WalletService ΓÇ║ 
withdrawFromTrade ΓÇ║ should throw 
BadRequestException when amount <= 0

    Nest can't resolve dependencies of 
the WalletService (WalletRepository, 
?). Please make sure that the argument 
WalletValidationService at index [1] 
is available in the RootTestModule 
context.

    Potential solutions:
    - Is RootTestModule a valid NestJS 
module?
    - If WalletValidationService is a 
provider, is it part of the current 
RootTestModule?
    - If WalletValidationService is 
exported from a separate @Module, is 
that module imported within 
RootTestModule?
      @Module({
        imports: [ /* the Module 
containing WalletValidationService */ ]
      })

    For more common dependency 
resolution issues, see: https://docs.ne
stjs.com/faq/common-errors

    [0m [90m 20 |[39m     
[36mawait[39m 
connectTestDB()[33m;[39m
     [90m 21 |[39m
    [31m[1m>[22m[39m[90m 22 
|[39m     [36mconst[39m 
module[33m:[39m 
[33mTestingModule[39m [33m=[39m 
[36mawait[39m [33mTest[39m[33m.[3
9mcreateTestingModule({
     [90m    |[39m                   
                [31m[1m^[22m[39m
     [90m 23 |[39m       
providers[33m:[39m 
[[33mWalletService[39m[33m,[39m 
[33mWalletRepository[39m][33m,[39m
     [90m 24 |[39m     
})[33m.[39mcompile()[33m;[39m
     [90m 25 |[39m[0m

      at TestingInjector.lookupComponen
tInParentModules (node_modules/@nestjs/
core/injector/injector.js:290:19)
      at TestingInjector.resolveCompone
ntWrapper (node_modules/@nestjs/testing
/testing-injector.js:19:45)
      at resolveParam (node_modules/@ne
stjs/core/injector/injector.js:140:38)
          at async Promise.all (index 
1)
      at TestingInjector.resolveConstru
ctorParams (node_modules/@nestjs/core/i
njector/injector.js:169:27)
      at TestingInjector.loadInstance (
node_modules/@nestjs/core/injector/inje
ctor.js:75:13)
      at TestingInjector.loadProvider (
node_modules/@nestjs/core/injector/inje
ctor.js:103:9)
      at node_modules/@nestjs/core/inje
ctor/instance-loader.js:56:13
          at async Promise.all (index 
3)
      at TestingInstanceLoader.createIn
stancesOfProviders (node_modules/@nestj
s/core/injector/instance-loader.js:55:9
)
      at node_modules/@nestjs/core/inje
ctor/instance-loader.js:40:13
          at async Promise.all (index 
1)
      at 
TestingInstanceLoader.createInstances (
node_modules/@nestjs/core/injector/inst
ance-loader.js:39:9)
      at TestingInstanceLoader.createIn
stancesOfDependencies (node_modules/@ne
stjs/core/injector/instance-loader.js:2
2:13)
      at TestingInstanceLoader.createIn
stancesOfDependencies (node_modules/@ne
stjs/testing/testing-instance-loader.js
:9:9)
      at TestingModuleBuilder.createIns
tancesOfDependencies (node_modules/@nes
tjs/testing/testing-module.builder.js:1
18:9)
      at TestingModuleBuilder.compile (
node_modules/@nestjs/testing/testing-mo
dule.builder.js:74:9)
      at Object.<anonymous> (src/module
s/wallet/__tests__/wallet.service.spec.
ts:22:35)

  ΓùÅ WalletService ΓÇ║ 
withdrawFromTrade ΓÇ║ should throw 
BadRequestException when tradeBalance 
is insufficient

    Nest can't resolve dependencies of 
the WalletService (WalletRepository, 
?). Please make sure that the argument 
WalletValidationService at index [1] 
is available in the RootTestModule 
context.

    Potential solutions:
    - Is RootTestModule a valid NestJS 
module?
    - If WalletValidationService is a 
provider, is it part of the current 
RootTestModule?
    - If WalletValidationService is 
exported from a separate @Module, is 
that module imported within 
RootTestModule?
      @Module({
        imports: [ /* the Module 
containing WalletValidationService */ ]
      })

    For more common dependency 
resolution issues, see: https://docs.ne
stjs.com/faq/common-errors

    [0m [90m 20 |[39m     
[36mawait[39m 
connectTestDB()[33m;[39m
     [90m 21 |[39m
    [31m[1m>[22m[39m[90m 22 
|[39m     [36mconst[39m 
module[33m:[39m 
[33mTestingModule[39m [33m=[39m 
[36mawait[39m [33mTest[39m[33m.[3
9mcreateTestingModule({
     [90m    |[39m                   
                [31m[1m^[22m[39m
     [90m 23 |[39m       
providers[33m:[39m 
[[33mWalletService[39m[33m,[39m 
[33mWalletRepository[39m][33m,[39m
     [90m 24 |[39m     
})[33m.[39mcompile()[33m;[39m
     [90m 25 |[39m[0m

      at TestingInjector.lookupComponen
tInParentModules (node_modules/@nestjs/
core/injector/injector.js:290:19)
      at TestingInjector.resolveCompone
ntWrapper (node_modules/@nestjs/testing
/testing-injector.js:19:45)
      at resolveParam (node_modules/@ne
stjs/core/injector/injector.js:140:38)
          at async Promise.all (index 
1)
      at TestingInjector.resolveConstru
ctorParams (node_modules/@nestjs/core/i
njector/injector.js:169:27)
      at TestingInjector.loadInstance (
node_modules/@nestjs/core/injector/inje
ctor.js:75:13)
      at TestingInjector.loadProvider (
node_modules/@nestjs/core/injector/inje
ctor.js:103:9)
      at node_modules/@nestjs/core/inje
ctor/instance-loader.js:56:13
          at async Promise.all (index 
3)
      at TestingInstanceLoader.createIn
stancesOfProviders (node_modules/@nestj
s/core/injector/instance-loader.js:55:9
)
      at node_modules/@nestjs/core/inje
ctor/instance-loader.js:40:13
          at async Promise.all (index 
1)
      at 
TestingInstanceLoader.createInstances (
node_modules/@nestjs/core/injector/inst
ance-loader.js:39:9)
      at TestingInstanceLoader.createIn
stancesOfDependencies (node_modules/@ne
stjs/core/injector/instance-loader.js:2
2:13)
      at TestingInstanceLoader.createIn
stancesOfDependencies (node_modules/@ne
stjs/testing/testing-instance-loader.js
:9:9)
      at TestingModuleBuilder.createIns
tancesOfDependencies (node_modules/@nes
tjs/testing/testing-module.builder.js:1
18:9)
      at TestingModuleBuilder.compile (
node_modules/@nestjs/testing/testing-mo
dule.builder.js:74:9)
      at Object.<anonymous> (src/module
s/wallet/__tests__/wallet.service.spec.
ts:22:35)

  ΓùÅ WalletService ΓÇ║ 
withdrawFromTrade ΓÇ║ should throw 
BadRequestException when wallet does 
not exist

    Nest can't resolve dependencies of 
the WalletService (WalletRepository, 
?). Please make sure that the argument 
WalletValidationService at index [1] 
is available in the RootTestModule 
context.

    Potential solutions:
    - Is RootTestModule a valid NestJS 
module?
    - If WalletValidationService is a 
provider, is it part of the current 
RootTestModule?
    - If WalletValidationService is 
exported from a separate @Module, is 
that module imported within 
RootTestModule?
      @Module({
        imports: [ /* the Module 
containing WalletValidationService */ ]
      })

    For more common dependency 
resolution issues, see: https://docs.ne
stjs.com/faq/common-errors

    [0m [90m 20 |[39m     
[36mawait[39m 
connectTestDB()[33m;[39m
     [90m 21 |[39m
    [31m[1m>[22m[39m[90m 22 
|[39m     [36mconst[39m 
module[33m:[39m 
[33mTestingModule[39m [33m=[39m 
[36mawait[39m [33mTest[39m[33m.[3
9mcreateTestingModule({
     [90m    |[39m                   
                [31m[1m^[22m[39m
     [90m 23 |[39m       
providers[33m:[39m 
[[33mWalletService[39m[33m,[39m 
[33mWalletRepository[39m][33m,[39m
     [90m 24 |[39m     
})[33m.[39mcompile()[33m;[39m
     [90m 25 |[39m[0m

      at TestingInjector.lookupComponen
tInParentModules (node_modules/@nestjs/
core/injector/injector.js:290:19)
      at TestingInjector.resolveCompone
ntWrapper (node_modules/@nestjs/testing
/testing-injector.js:19:45)
      at resolveParam (node_modules/@ne
stjs/core/injector/injector.js:140:38)
          at async Promise.all (index 
1)
      at TestingInjector.resolveConstru
ctorParams (node_modules/@nestjs/core/i
njector/injector.js:169:27)
      at TestingInjector.loadInstance (
node_modules/@nestjs/core/injector/inje
ctor.js:75:13)
      at TestingInjector.loadProvider (
node_modules/@nestjs/core/injector/inje
ctor.js:103:9)
      at node_modules/@nestjs/core/inje
ctor/instance-loader.js:56:13
          at async Promise.all (index 
3)
      at TestingInstanceLoader.createIn
stancesOfProviders (node_modules/@nestj
s/core/injector/instance-loader.js:55:9
)
      at node_modules/@nestjs/core/inje
ctor/instance-loader.js:40:13
          at async Promise.all (index 
1)
      at 
TestingInstanceLoader.createInstances (
node_modules/@nestjs/core/injector/inst
ance-loader.js:39:9)
      at TestingInstanceLoader.createIn
stancesOfDependencies (node_modules/@ne
stjs/core/injector/instance-loader.js:2
2:13)
      at TestingInstanceLoader.createIn
stancesOfDependencies (node_modules/@ne
stjs/testing/testing-instance-loader.js
:9:9)
      at TestingModuleBuilder.createIns
tancesOfDependencies (node_modules/@nes
tjs/testing/testing-module.builder.js:1
18:9)
      at TestingModuleBuilder.compile (
node_modules/@nestjs/testing/testing-mo
dule.builder.js:74:9)
      at Object.<anonymous> (src/module
s/wallet/__tests__/wallet.service.spec.
ts:22:35)

  ΓùÅ WalletService ΓÇ║ updateTradePnL 
ΓÇ║ should increase tradeBalance with 
positive PnL

    Nest can't resolve dependencies of 
the WalletService (WalletRepository, 
?). Please make sure that the argument 
WalletValidationService at index [1] 
is available in the RootTestModule 
context.

    Potential solutions:
    - Is RootTestModule a valid NestJS 
module?
    - If WalletValidationService is a 
provider, is it part of the current 
RootTestModule?
    - If WalletValidationService is 
exported from a separate @Module, is 
that module imported within 
RootTestModule?
      @Module({
        imports: [ /* the Module 
containing WalletValidationService */ ]
      })

    For more common dependency 
resolution issues, see: https://docs.ne
stjs.com/faq/common-errors

    [0m [90m 20 |[39m     
[36mawait[39m 
connectTestDB()[33m;[39m
     [90m 21 |[39m
    [31m[1m>[22m[39m[90m 22 
|[39m     [36mconst[39m 
module[33m:[39m 
[33mTestingModule[39m [33m=[39m 
[36mawait[39m [33mTest[39m[33m.[3
9mcreateTestingModule({
     [90m    |[39m                   
                [31m[1m^[22m[39m
     [90m 23 |[39m       
providers[33m:[39m 
[[33mWalletService[39m[33m,[39m 
[33mWalletRepository[39m][33m,[39m
     [90m 24 |[39m     
})[33m.[39mcompile()[33m;[39m
     [90m 25 |[39m[0m

      at TestingInjector.lookupComponen
tInParentModules (node_modules/@nestjs/
core/injector/injector.js:290:19)
      at TestingInjector.resolveCompone
ntWrapper (node_modules/@nestjs/testing
/testing-injector.js:19:45)
      at resolveParam (node_modules/@ne
stjs/core/injector/injector.js:140:38)
          at async Promise.all (index 
1)
      at TestingInjector.resolveConstru
ctorParams (node_modules/@nestjs/core/i
njector/injector.js:169:27)
      at TestingInjector.loadInstance (
node_modules/@nestjs/core/injector/inje
ctor.js:75:13)
      at TestingInjector.loadProvider (
node_modules/@nestjs/core/injector/inje
ctor.js:103:9)
      at node_modules/@nestjs/core/inje
ctor/instance-loader.js:56:13
          at async Promise.all (index 
3)
      at TestingInstanceLoader.createIn
stancesOfProviders (node_modules/@nestj
s/core/injector/instance-loader.js:55:9
)
      at node_modules/@nestjs/core/inje
ctor/instance-loader.js:40:13
          at async Promise.all (index 
1)
      at 
TestingInstanceLoader.createInstances (
node_modules/@nestjs/core/injector/inst
ance-loader.js:39:9)
      at TestingInstanceLoader.createIn
stancesOfDependencies (node_modules/@ne
stjs/core/injector/instance-loader.js:2
2:13)
      at TestingInstanceLoader.createIn
stancesOfDependencies (node_modules/@ne
stjs/testing/testing-instance-loader.js
:9:9)
      at TestingModuleBuilder.createIns
tancesOfDependencies (node_modules/@nes
tjs/testing/testing-module.builder.js:1
18:9)
      at TestingModuleBuilder.compile (
node_modules/@nestjs/testing/testing-mo
dule.builder.js:74:9)
      at Object.<anonymous> (src/module
s/wallet/__tests__/wallet.service.spec.
ts:22:35)

  ΓùÅ WalletService ΓÇ║ updateTradePnL 
ΓÇ║ should decrease tradeBalance with 
negative PnL

    Nest can't resolve dependencies of 
the WalletService (WalletRepository, 
?). Please make sure that the argument 
WalletValidationService at index [1] 
is available in the RootTestModule 
context.

    Potential solutions:
    - Is RootTestModule a valid NestJS 
module?
    - If WalletValidationService is a 
provider, is it part of the current 
RootTestModule?
    - If WalletValidationService is 
exported from a separate @Module, is 
that module imported within 
RootTestModule?
      @Module({
        imports: [ /* the Module 
containing WalletValidationService */ ]
      })

    For more common dependency 
resolution issues, see: https://docs.ne
stjs.com/faq/common-errors

    [0m [90m 20 |[39m     
[36mawait[39m 
connectTestDB()[33m;[39m
     [90m 21 |[39m
    [31m[1m>[22m[39m[90m 22 
|[39m     [36mconst[39m 
module[33m:[39m 
[33mTestingModule[39m [33m=[39m 
[36mawait[39m [33mTest[39m[33m.[3
9mcreateTestingModule({
     [90m    |[39m                   
                [31m[1m^[22m[39m
     [90m 23 |[39m       
providers[33m:[39m 
[[33mWalletService[39m[33m,[39m 
[33mWalletRepository[39m][33m,[39m
     [90m 24 |[39m     
})[33m.[39mcompile()[33m;[39m
     [90m 25 |[39m[0m

      at TestingInjector.lookupComponen
tInParentModules (node_modules/@nestjs/
core/injector/injector.js:290:19)
      at TestingInjector.resolveCompone
ntWrapper (node_modules/@nestjs/testing
/testing-injector.js:19:45)
      at resolveParam (node_modules/@ne
stjs/core/injector/injector.js:140:38)
          at async Promise.all (index 
1)
      at TestingInjector.resolveConstru
ctorParams (node_modules/@nestjs/core/i
njector/injector.js:169:27)
      at TestingInjector.loadInstance (
node_modules/@nestjs/core/injector/inje
ctor.js:75:13)
      at TestingInjector.loadProvider (
node_modules/@nestjs/core/injector/inje
ctor.js:103:9)
      at node_modules/@nestjs/core/inje
ctor/instance-loader.js:56:13
          at async Promise.all (index 
3)
      at TestingInstanceLoader.createIn
stancesOfProviders (node_modules/@nestj
s/core/injector/instance-loader.js:55:9
)
      at node_modules/@nestjs/core/inje
ctor/instance-loader.js:40:13
          at async Promise.all (index 
1)
      at 
TestingInstanceLoader.createInstances (
node_modules/@nestjs/core/injector/inst
ance-loader.js:39:9)
      at TestingInstanceLoader.createIn
stancesOfDependencies (node_modules/@ne
stjs/core/injector/instance-loader.js:2
2:13)
      at TestingInstanceLoader.createIn
stancesOfDependencies (node_modules/@ne
stjs/testing/testing-instance-loader.js
:9:9)
      at TestingModuleBuilder.createIns
tancesOfDependencies (node_modules/@nes
tjs/testing/testing-module.builder.js:1
18:9)
      at TestingModuleBuilder.compile (
node_modules/@nestjs/testing/testing-mo
dule.builder.js:74:9)
      at Object.<anonymous> (src/module
s/wallet/__tests__/wallet.service.spec.
ts:22:35)

  ΓùÅ WalletService ΓÇ║ updateTradePnL 
ΓÇ║ should clamp tradeBalance to 0 
when loss exceeds balance

    Nest can't resolve dependencies of 
the WalletService (WalletRepository, 
?). Please make sure that the argument 
WalletValidationService at index [1] 
is available in the RootTestModule 
context.

    Potential solutions:
    - Is RootTestModule a valid NestJS 
module?
    - If WalletValidationService is a 
provider, is it part of the current 
RootTestModule?
    - If WalletValidationService is 
exported from a separate @Module, is 
that module imported within 
RootTestModule?
      @Module({
        imports: [ /* the Module 
containing WalletValidationService */ ]
      })

    For more common dependency 
resolution issues, see: https://docs.ne
stjs.com/faq/common-errors

    [0m [90m 20 |[39m     
[36mawait[39m 
connectTestDB()[33m;[39m
     [90m 21 |[39m
    [31m[1m>[22m[39m[90m 22 
|[39m     [36mconst[39m 
module[33m:[39m 
[33mTestingModule[39m [33m=[39m 
[36mawait[39m [33mTest[39m[33m.[3
9mcreateTestingModule({
     [90m    |[39m                   
                [31m[1m^[22m[39m
     [90m 23 |[39m       
providers[33m:[39m 
[[33mWalletService[39m[33m,[39m 
[33mWalletRepository[39m][33m,[39m
     [90m 24 |[39m     
})[33m.[39mcompile()[33m;[39m
     [90m 25 |[39m[0m

      at TestingInjector.lookupComponen
tInParentModules (node_modules/@nestjs/
core/injector/injector.js:290:19)
      at TestingInjector.resolveCompone
ntWrapper (node_modules/@nestjs/testing
/testing-injector.js:19:45)
      at resolveParam (node_modules/@ne
stjs/core/injector/injector.js:140:38)
          at async Promise.all (index 
1)
      at TestingInjector.resolveConstru
ctorParams (node_modules/@nestjs/core/i
njector/injector.js:169:27)
      at TestingInjector.loadInstance (
node_modules/@nestjs/core/injector/inje
ctor.js:75:13)
      at TestingInjector.loadProvider (
node_modules/@nestjs/core/injector/inje
ctor.js:103:9)
      at node_modules/@nestjs/core/inje
ctor/instance-loader.js:56:13
          at async Promise.all (index 
3)
      at TestingInstanceLoader.createIn
stancesOfProviders (node_modules/@nestj
s/core/injector/instance-loader.js:55:9
)
      at node_modules/@nestjs/core/inje
ctor/instance-loader.js:40:13
          at async Promise.all (index 
1)
      at 
TestingInstanceLoader.createInstances (
node_modules/@nestjs/core/injector/inst
ance-loader.js:39:9)
      at TestingInstanceLoader.createIn
stancesOfDependencies (node_modules/@ne
stjs/core/injector/instance-loader.js:2
2:13)
      at TestingInstanceLoader.createIn
stancesOfDependencies (node_modules/@ne
stjs/testing/testing-instance-loader.js
:9:9)
      at TestingModuleBuilder.createIns
tancesOfDependencies (node_modules/@nes
tjs/testing/testing-module.builder.js:1
18:9)
      at TestingModuleBuilder.compile (
node_modules/@nestjs/testing/testing-mo
dule.builder.js:74:9)
      at Object.<anonymous> (src/module
s/wallet/__tests__/wallet.service.spec.
ts:22:35)

  ΓùÅ WalletService ΓÇ║ updateTradePnL 
ΓÇ║ should do nothing if wallet does 
not exist

    Nest can't resolve dependencies of 
the WalletService (WalletRepository, 
?). Please make sure that the argument 
WalletValidationService at index [1] 
is available in the RootTestModule 
context.

    Potential solutions:
    - Is RootTestModule a valid NestJS 
module?
    - If WalletValidationService is a 
provider, is it part of the current 
RootTestModule?
    - If WalletValidationService is 
exported from a separate @Module, is 
that module imported within 
RootTestModule?
      @Module({
        imports: [ /* the Module 
containing WalletValidationService */ ]
      })

    For more common dependency 
resolution issues, see: https://docs.ne
stjs.com/faq/common-errors

    [0m [90m 20 |[39m     
[36mawait[39m 
connectTestDB()[33m;[39m
     [90m 21 |[39m
    [31m[1m>[22m[39m[90m 22 
|[39m     [36mconst[39m 
module[33m:[39m 
[33mTestingModule[39m [33m=[39m 
[36mawait[39m [33mTest[39m[33m.[3
9mcreateTestingModule({
     [90m    |[39m                   
                [31m[1m^[22m[39m
     [90m 23 |[39m       
providers[33m:[39m 
[[33mWalletService[39m[33m,[39m 
[33mWalletRepository[39m][33m,[39m
     [90m 24 |[39m     
})[33m.[39mcompile()[33m;[39m
     [90m 25 |[39m[0m

      at TestingInjector.lookupComponen
tInParentModules (node_modules/@nestjs/
core/injector/injector.js:290:19)
      at TestingInjector.resolveCompone
ntWrapper (node_modules/@nestjs/testing
/testing-injector.js:19:45)
      at resolveParam (node_modules/@ne
stjs/core/injector/injector.js:140:38)
          at async Promise.all (index 
1)
      at TestingInjector.resolveConstru
ctorParams (node_modules/@nestjs/core/i
njector/injector.js:169:27)
      at TestingInjector.loadInstance (
node_modules/@nestjs/core/injector/inje
ctor.js:75:13)
      at TestingInjector.loadProvider (
node_modules/@nestjs/core/injector/inje
ctor.js:103:9)
      at node_modules/@nestjs/core/inje
ctor/instance-loader.js:56:13
          at async Promise.all (index 
3)
      at TestingInstanceLoader.createIn
stancesOfProviders (node_modules/@nestj
s/core/injector/instance-loader.js:55:9
)
      at node_modules/@nestjs/core/inje
ctor/instance-loader.js:40:13
          at async Promise.all (index 
1)
      at 
TestingInstanceLoader.createInstances (
node_modules/@nestjs/core/injector/inst
ance-loader.js:39:9)
      at TestingInstanceLoader.createIn
stancesOfDependencies (node_modules/@ne
stjs/core/injector/instance-loader.js:2
2:13)
      at TestingInstanceLoader.createIn
stancesOfDependencies (node_modules/@ne
stjs/testing/testing-instance-loader.js
:9:9)
      at TestingModuleBuilder.createIns
tancesOfDependencies (node_modules/@nes
tjs/testing/testing-module.builder.js:1
18:9)
      at TestingModuleBuilder.compile (
node_modules/@nestjs/testing/testing-mo
dule.builder.js:74:9)
      at Object.<anonymous> (src/module
s/wallet/__tests__/wallet.service.spec.
ts:22:35)

FAIL src/modules/user/__tests__/user.se
rvice.spec.ts
  ΓùÅ UserService ΓÇ║ should activate 
user successfully

    expect(received).toBe(expected) // 
Object.is equality

    Expected: true
    Received: false

    [0m [90m 62 |[39m     
[36mconst[39m result [33m=[39m 
[36mawait[39m service[33m.[39mactiv
eUser(activateData[33m,[39m 
fakeSignature)[33m;[39m
     [90m 63 |[39m
    [31m[1m>[22m[39m[90m 64 
|[39m     expect(result)[33m.[39mtoB
e([36mtrue[39m)[33m;[39m
     [90m    |[39m                   
 [31m[1m^[22m[39m
     [90m 65 |[39m     [90m// 
Verify signature check[39m
     [90m 66 |[39m     expect(eip712U
til[33m.[39mverifyTypedDataSignature)
[33m.[39mtoHaveBeenCalled()[33m;[39
m
     [90m 67 |[39m[0m

      at Object.<anonymous> (src/module
s/user/__tests__/user.service.spec.ts:6
4:20)

  ΓùÅ UserService ΓÇ║ should return 
false if signature verification fails

    
expect(jest.fn()).toHaveBeenCalled()

    Expected number of calls: >= 1
    Received number of calls:    0

    [0m [90m 112 |[39m
     [90m 113 |[39m     expect(result
)[33m.[39mtoBe([36mfalse[39m)[33m;
[39m
    [31m[1m>[22m[39m[90m 114 
|[39m     expect(eip712Util[33m.[39m
verifyTypedDataSignature)[33m.[39mtoH
aveBeenCalled()[33m;[39m
     [90m     |[39m                  
                               
[31m[1m^[22m[39m
     [90m 115 |[39m   })[33m;[39m
     [90m 116 |[39m
     [90m 117 |[39m   
it([32m'should check active user 
correctly'[39m[33m,[39m 
[36masync[39m () [33m=>[39m {[0m

      at Object.<anonymous> (src/module
s/user/__tests__/user.service.spec.ts:1
14:49)

  ΓùÅ UserService ΓÇ║ should check 
active user correctly

    TypeError: Cannot read properties 
of undefined (reading 
'validateWalletAddress')

    [0m [90m 66 |[39m   
[36masync[39m 
isActiveUser(walletAddress[33m:[39m 
[33mHexString[39m)[33m:[39m [33mPr
omise[39m[33m<[39m[33mboolean[39m
[33m>[39m {
     [90m 67 |[39m     
[36mconst[39m validatedAddress 
[33m=[39m
    [31m[1m>[22m[39m[90m 68 
|[39m       [36mthis[39m[33m.[39mu
serValidation[33m.[39mvalidateWalletA
ddress(walletAddress)[33m;[39m
     [90m    |[39m                   
        [31m[1m^[22m[39m
     [90m 69 |[39m
     [90m 70 |[39m     
[36mconst[39m user [33m=[39m 
[36mawait[39m [36mthis[39m[33m.[3
9muserRepo[33m.[39mfindByWallet(valid
atedAddress)[33m;[39m
     [90m 71 |[39m[0m

      at UserService.isActiveUser (src/
modules/user/user.service.ts:68:27)
      at Object.<anonymous> (src/module
s/user/__tests__/user.service.spec.ts:1
18:26)

PASS src/modules/market/__tests__/realt
ime-market.service.spec.ts
PASS src/modules/nonce/__tests__/nonce.
controller.spec.ts
PASS src/repositories/wallet/__tests__/
wallet.repository.spec.ts
PASS src/modules/admin/__tests__/admin-
auth.service.spec.ts
PASS src/repositories/cache/__tests__/n
once.cache.spec.ts
PASS src/repositories/user/__tests__/us
er.repository.spec.ts
PASS src/repositories/cache/__tests__/m
arket-history.cache.spec.ts
PASS src/modules/wallet/__tests__/walle
t-validation.service.spec.ts
PASS src/modules/user/__tests__/user-va
lidation.service.spec.ts
PASS src/repositories/cache/__tests__/r
ealtime-market-price.cache.spec.ts
PASS src/modules/pair/__tests__/pair.co
ntroller.spec.ts
PASS src/modules/nonce/__tests__/nonce.
service.spec.ts
PASS src/modules/market/__tests__/marke
t.controller.spec.ts
PASS src/modules/market/__tests__/marke
t-validation.service.spec.ts
PASS src/modules/pair/__tests__/pair-va
lidation.service.spec.ts

Summary of all failing tests
FAIL src/modules/pair/__tests__/pair.se
rvice.spec.ts
  ΓùÅ PairService ΓÇ║ upsertPair ΓÇ║ 
should upsert and subscribe if pair is 
active

    Nest can't resolve dependencies of 
the PairService (PairRepository, 
OkxWs, ?). Please make sure that the 
argument PairValidationService at 
index [2] is available in the 
RootTestModule context.

    Potential solutions:
    - Is RootTestModule a valid NestJS 
module?
    - If PairValidationService is a 
provider, is it part of the current 
RootTestModule?
    - If PairValidationService is 
exported from a separate @Module, is 
that module imported within 
RootTestModule?
      @Module({
        imports: [ /* the Module 
containing PairValidationService */ ]
      })

    For more common dependency 
resolution issues, see: https://docs.ne
stjs.com/faq/common-errors

    [0m [90m 35 |[39m
     [90m 36 |[39m   
beforeEach([36masync[39m () 
[33m=>[39m {
    [31m[1m>[22m[39m[90m 37 
|[39m     [36mconst[39m 
module[33m:[39m 
[33mTestingModule[39m [33m=[39m 
[36mawait[39m [33mTest[39m[33m.[3
9mcreateTestingModule({
     [90m    |[39m                   
                [31m[1m^[22m[39m
     [90m 38 |[39m       
providers[33m:[39m [
     [90m 39 |[39m         
[33mPairService[39m[33m,[39m
     [90m 40 |[39m         { 
provide[33m:[39m 
[33mPairRepository[39m[33m,[39m 
useValue[33m:[39m mockPairRepo 
}[33m,[39m[0m

      at TestingInjector.lookupComponen
tInParentModules (node_modules/@nestjs/
core/injector/injector.js:290:19)
      at TestingInjector.resolveCompone
ntWrapper (node_modules/@nestjs/testing
/testing-injector.js:19:45)
      at resolveParam (node_modules/@ne
stjs/core/injector/injector.js:140:38)
          at async Promise.all (index 
2)
      at TestingInjector.resolveConstru
ctorParams (node_modules/@nestjs/core/i
njector/injector.js:169:27)
      at TestingInjector.loadInstance (
node_modules/@nestjs/core/injector/inje
ctor.js:75:13)
      at TestingInjector.loadProvider (
node_modules/@nestjs/core/injector/inje
ctor.js:103:9)
      at node_modules/@nestjs/core/inje
ctor/instance-loader.js:56:13
          at async Promise.all (index 
3)
      at TestingInstanceLoader.createIn
stancesOfProviders (node_modules/@nestj
s/core/injector/instance-loader.js:55:9
)
      at node_modules/@nestjs/core/inje
ctor/instance-loader.js:40:13
          at async Promise.all (index 
1)
      at 
TestingInstanceLoader.createInstances (
node_modules/@nestjs/core/injector/inst
ance-loader.js:39:9)
      at TestingInstanceLoader.createIn
stancesOfDependencies (node_modules/@ne
stjs/core/injector/instance-loader.js:2
2:13)
      at TestingInstanceLoader.createIn
stancesOfDependencies (node_modules/@ne
stjs/testing/testing-instance-loader.js
:9:9)
      at TestingModuleBuilder.createIns
tancesOfDependencies (node_modules/@nes
tjs/testing/testing-module.builder.js:1
18:9)
      at TestingModuleBuilder.compile (
node_modules/@nestjs/testing/testing-mo
dule.builder.js:74:9)
      at Object.<anonymous> (src/module
s/pair/__tests__/pair.service.spec.ts:3
7:35)

  ΓùÅ PairService ΓÇ║ upsertPair ΓÇ║ 
should upsert and unsubscribe if pair 
is inactive

    Nest can't resolve dependencies of 
the PairService (PairRepository, 
OkxWs, ?). Please make sure that the 
argument PairValidationService at 
index [2] is available in the 
RootTestModule context.

    Potential solutions:
    - Is RootTestModule a valid NestJS 
module?
    - If PairValidationService is a 
provider, is it part of the current 
RootTestModule?
    - If PairValidationService is 
exported from a separate @Module, is 
that module imported within 
RootTestModule?
      @Module({
        imports: [ /* the Module 
containing PairValidationService */ ]
      })

    For more common dependency 
resolution issues, see: https://docs.ne
stjs.com/faq/common-errors

    [0m [90m 35 |[39m
     [90m 36 |[39m   
beforeEach([36masync[39m () 
[33m=>[39m {
    [31m[1m>[22m[39m[90m 37 
|[39m     [36mconst[39m 
module[33m:[39m 
[33mTestingModule[39m [33m=[39m 
[36mawait[39m [33mTest[39m[33m.[3
9mcreateTestingModule({
     [90m    |[39m                   
                [31m[1m^[22m[39m
     [90m 38 |[39m       
providers[33m:[39m [
     [90m 39 |[39m         
[33mPairService[39m[33m,[39m
     [90m 40 |[39m         { 
provide[33m:[39m 
[33mPairRepository[39m[33m,[39m 
useValue[33m:[39m mockPairRepo 
}[33m,[39m[0m

      at TestingInjector.lookupComponen
tInParentModules (node_modules/@nestjs/
core/injector/injector.js:290:19)
      at TestingInjector.resolveCompone
ntWrapper (node_modules/@nestjs/testing
/testing-injector.js:19:45)
      at resolveParam (node_modules/@ne
stjs/core/injector/injector.js:140:38)
          at async Promise.all (index 
2)
      at TestingInjector.resolveConstru
ctorParams (node_modules/@nestjs/core/i
njector/injector.js:169:27)
      at TestingInjector.loadInstance (
node_modules/@nestjs/core/injector/inje
ctor.js:75:13)
      at TestingInjector.loadProvider (
node_modules/@nestjs/core/injector/inje
ctor.js:103:9)
      at node_modules/@nestjs/core/inje
ctor/instance-loader.js:56:13
          at async Promise.all (index 
3)
      at TestingInstanceLoader.createIn
stancesOfProviders (node_modules/@nestj
s/core/injector/instance-loader.js:55:9
)
      at node_modules/@nestjs/core/inje
ctor/instance-loader.js:40:13
          at async Promise.all (index 
1)
      at 
TestingInstanceLoader.createInstances (
node_modules/@nestjs/core/injector/inst
ance-loader.js:39:9)
      at TestingInstanceLoader.createIn
stancesOfDependencies (node_modules/@ne
stjs/core/injector/instance-loader.js:2
2:13)
      at TestingInstanceLoader.createIn
stancesOfDependencies (node_modules/@ne
stjs/testing/testing-instance-loader.js
:9:9)
      at TestingModuleBuilder.createIns
tancesOfDependencies (node_modules/@nes
tjs/testing/testing-module.builder.js:1
18:9)
      at TestingModuleBuilder.compile (
node_modules/@nestjs/testing/testing-mo
dule.builder.js:74:9)
      at Object.<anonymous> (src/module
s/pair/__tests__/pair.service.spec.ts:3
7:35)

  ΓùÅ PairService ΓÇ║ updateStatus ΓÇ║ 
should update status and subscribe if 
isActive is true

    Nest can't resolve dependencies of 
the PairService (PairRepository, 
OkxWs, ?). Please make sure that the 
argument PairValidationService at 
index [2] is available in the 
RootTestModule context.

    Potential solutions:
    - Is RootTestModule a valid NestJS 
module?
    - If PairValidationService is a 
provider, is it part of the current 
RootTestModule?
    - If PairValidationService is 
exported from a separate @Module, is 
that module imported within 
RootTestModule?
      @Module({
        imports: [ /* the Module 
containing PairValidationService */ ]
      })

    For more common dependency 
resolution issues, see: https://docs.ne
stjs.com/faq/common-errors

    [0m [90m 35 |[39m
     [90m 36 |[39m   
beforeEach([36masync[39m () 
[33m=>[39m {
    [31m[1m>[22m[39m[90m 37 
|[39m     [36mconst[39m 
module[33m:[39m 
[33mTestingModule[39m [33m=[39m 
[36mawait[39m [33mTest[39m[33m.[3
9mcreateTestingModule({
     [90m    |[39m                   
                [31m[1m^[22m[39m
     [90m 38 |[39m       
providers[33m:[39m [
     [90m 39 |[39m         
[33mPairService[39m[33m,[39m
     [90m 40 |[39m         { 
provide[33m:[39m 
[33mPairRepository[39m[33m,[39m 
useValue[33m:[39m mockPairRepo 
}[33m,[39m[0m

      at TestingInjector.lookupComponen
tInParentModules (node_modules/@nestjs/
core/injector/injector.js:290:19)
      at TestingInjector.resolveCompone
ntWrapper (node_modules/@nestjs/testing
/testing-injector.js:19:45)
      at resolveParam (node_modules/@ne
stjs/core/injector/injector.js:140:38)
          at async Promise.all (index 
2)
      at TestingInjector.resolveConstru
ctorParams (node_modules/@nestjs/core/i
njector/injector.js:169:27)
      at TestingInjector.loadInstance (
node_modules/@nestjs/core/injector/inje
ctor.js:75:13)
      at TestingInjector.loadProvider (
node_modules/@nestjs/core/injector/inje
ctor.js:103:9)
      at node_modules/@nestjs/core/inje
ctor/instance-loader.js:56:13
          at async Promise.all (index 
3)
      at TestingInstanceLoader.createIn
stancesOfProviders (node_modules/@nestj
s/core/injector/instance-loader.js:55:9
)
      at node_modules/@nestjs/core/inje
ctor/instance-loader.js:40:13
          at async Promise.all (index 
1)
      at 
TestingInstanceLoader.createInstances (
node_modules/@nestjs/core/injector/inst
ance-loader.js:39:9)
      at TestingInstanceLoader.createIn
stancesOfDependencies (node_modules/@ne
stjs/core/injector/instance-loader.js:2
2:13)
      at TestingInstanceLoader.createIn
stancesOfDependencies (node_modules/@ne
stjs/testing/testing-instance-loader.js
:9:9)
      at TestingModuleBuilder.createIns
tancesOfDependencies (node_modules/@nes
tjs/testing/testing-module.builder.js:1
18:9)
      at TestingModuleBuilder.compile (
node_modules/@nestjs/testing/testing-mo
dule.builder.js:74:9)
      at Object.<anonymous> (src/module
s/pair/__tests__/pair.service.spec.ts:3
7:35)

  ΓùÅ PairService ΓÇ║ updateStatus ΓÇ║ 
should update status and unsubscribe 
if isActive is false

    Nest can't resolve dependencies of 
the PairService (PairRepository, 
OkxWs, ?). Please make sure that the 
argument PairValidationService at 
index [2] is available in the 
RootTestModule context.

    Potential solutions:
    - Is RootTestModule a valid NestJS 
module?
    - If PairValidationService is a 
provider, is it part of the current 
RootTestModule?
    - If PairValidationService is 
exported from a separate @Module, is 
that module imported within 
RootTestModule?
      @Module({
        imports: [ /* the Module 
containing PairValidationService */ ]
      })

    For more common dependency 
resolution issues, see: https://docs.ne
stjs.com/faq/common-errors

    [0m [90m 35 |[39m
     [90m 36 |[39m   
beforeEach([36masync[39m () 
[33m=>[39m {
    [31m[1m>[22m[39m[90m 37 
|[39m     [36mconst[39m 
module[33m:[39m 
[33mTestingModule[39m [33m=[39m 
[36mawait[39m [33mTest[39m[33m.[3
9mcreateTestingModule({
     [90m    |[39m                   
                [31m[1m^[22m[39m
     [90m 38 |[39m       
providers[33m:[39m [
     [90m 39 |[39m         
[33mPairService[39m[33m,[39m
     [90m 40 |[39m         { 
provide[33m:[39m 
[33mPairRepository[39m[33m,[39m 
useValue[33m:[39m mockPairRepo 
}[33m,[39m[0m

      at TestingInjector.lookupComponen
tInParentModules (node_modules/@nestjs/
core/injector/injector.js:290:19)
      at TestingInjector.resolveCompone
ntWrapper (node_modules/@nestjs/testing
/testing-injector.js:19:45)
      at resolveParam (node_modules/@ne
stjs/core/injector/injector.js:140:38)
          at async Promise.all (index 
2)
      at TestingInjector.resolveConstru
ctorParams (node_modules/@nestjs/core/i
njector/injector.js:169:27)
      at TestingInjector.loadInstance (
node_modules/@nestjs/core/injector/inje
ctor.js:75:13)
      at TestingInjector.loadProvider (
node_modules/@nestjs/core/injector/inje
ctor.js:103:9)
      at node_modules/@nestjs/core/inje
ctor/instance-loader.js:56:13
          at async Promise.all (index 
3)
      at TestingInstanceLoader.createIn
stancesOfProviders (node_modules/@nestj
s/core/injector/instance-loader.js:55:9
)
      at node_modules/@nestjs/core/inje
ctor/instance-loader.js:40:13
          at async Promise.all (index 
1)
      at 
TestingInstanceLoader.createInstances (
node_modules/@nestjs/core/injector/inst
ance-loader.js:39:9)
      at TestingInstanceLoader.createIn
stancesOfDependencies (node_modules/@ne
stjs/core/injector/instance-loader.js:2
2:13)
      at TestingInstanceLoader.createIn
stancesOfDependencies (node_modules/@ne
stjs/testing/testing-instance-loader.js
:9:9)
      at TestingModuleBuilder.createIns
tancesOfDependencies (node_modules/@nes
tjs/testing/testing-module.builder.js:1
18:9)
      at TestingModuleBuilder.compile (
node_modules/@nestjs/testing/testing-mo
dule.builder.js:74:9)
      at Object.<anonymous> (src/module
s/pair/__tests__/pair.service.spec.ts:3
7:35)

  ΓùÅ PairService ΓÇ║ updateStatus ΓÇ║ 
should return null if pair not found

    Nest can't resolve dependencies of 
the PairService (PairRepository, 
OkxWs, ?). Please make sure that the 
argument PairValidationService at 
index [2] is available in the 
RootTestModule context.

    Potential solutions:
    - Is RootTestModule a valid NestJS 
module?
    - If PairValidationService is a 
provider, is it part of the current 
RootTestModule?
    - If PairValidationService is 
exported from a separate @Module, is 
that module imported within 
RootTestModule?
      @Module({
        imports: [ /* the Module 
containing PairValidationService */ ]
      })

    For more common dependency 
resolution issues, see: https://docs.ne
stjs.com/faq/common-errors

    [0m [90m 35 |[39m
     [90m 36 |[39m   
beforeEach([36masync[39m () 
[33m=>[39m {
    [31m[1m>[22m[39m[90m 37 
|[39m     [36mconst[39m 
module[33m:[39m 
[33mTestingModule[39m [33m=[39m 
[36mawait[39m [33mTest[39m[33m.[3
9mcreateTestingModule({
     [90m    |[39m                   
                [31m[1m^[22m[39m
     [90m 38 |[39m       
providers[33m:[39m [
     [90m 39 |[39m         
[33mPairService[39m[33m,[39m
     [90m 40 |[39m         { 
provide[33m:[39m 
[33mPairRepository[39m[33m,[39m 
useValue[33m:[39m mockPairRepo 
}[33m,[39m[0m

      at TestingInjector.lookupComponen
tInParentModules (node_modules/@nestjs/
core/injector/injector.js:290:19)
      at TestingInjector.resolveCompone
ntWrapper (node_modules/@nestjs/testing
/testing-injector.js:19:45)
      at resolveParam (node_modules/@ne
stjs/core/injector/injector.js:140:38)
          at async Promise.all (index 
2)
      at TestingInjector.resolveConstru
ctorParams (node_modules/@nestjs/core/i
njector/injector.js:169:27)
      at TestingInjector.loadInstance (
node_modules/@nestjs/core/injector/inje
ctor.js:75:13)
      at TestingInjector.loadProvider (
node_modules/@nestjs/core/injector/inje
ctor.js:103:9)
      at node_modules/@nestjs/core/inje
ctor/instance-loader.js:56:13
          at async Promise.all (index 
3)
      at TestingInstanceLoader.createIn
stancesOfProviders (node_modules/@nestj
s/core/injector/instance-loader.js:55:9
)
      at node_modules/@nestjs/core/inje
ctor/instance-loader.js:40:13
          at async Promise.all (index 
1)
      at 
TestingInstanceLoader.createInstances (
node_modules/@nestjs/core/injector/inst
ance-loader.js:39:9)
      at TestingInstanceLoader.createIn
stancesOfDependencies (node_modules/@ne
stjs/core/injector/instance-loader.js:2
2:13)
      at TestingInstanceLoader.createIn
stancesOfDependencies (node_modules/@ne
stjs/testing/testing-instance-loader.js
:9:9)
      at TestingModuleBuilder.createIns
tancesOfDependencies (node_modules/@nes
tjs/testing/testing-module.builder.js:1
18:9)
      at TestingModuleBuilder.compile (
node_modules/@nestjs/testing/testing-mo
dule.builder.js:74:9)
      at Object.<anonymous> (src/module
s/pair/__tests__/pair.service.spec.ts:3
7:35)

  ΓùÅ PairService ΓÇ║ deletePair ΓÇ║ 
should delete and unsubscribe

    Nest can't resolve dependencies of 
the PairService (PairRepository, 
OkxWs, ?). Please make sure that the 
argument PairValidationService at 
index [2] is available in the 
RootTestModule context.

    Potential solutions:
    - Is RootTestModule a valid NestJS 
module?
    - If PairValidationService is a 
provider, is it part of the current 
RootTestModule?
    - If PairValidationService is 
exported from a separate @Module, is 
that module imported within 
RootTestModule?
      @Module({
        imports: [ /* the Module 
containing PairValidationService */ ]
      })

    For more common dependency 
resolution issues, see: https://docs.ne
stjs.com/faq/common-errors

    [0m [90m 35 |[39m
     [90m 36 |[39m   
beforeEach([36masync[39m () 
[33m=>[39m {
    [31m[1m>[22m[39m[90m 37 
|[39m     [36mconst[39m 
module[33m:[39m 
[33mTestingModule[39m [33m=[39m 
[36mawait[39m [33mTest[39m[33m.[3
9mcreateTestingModule({
     [90m    |[39m                   
                [31m[1m^[22m[39m
     [90m 38 |[39m       
providers[33m:[39m [
     [90m 39 |[39m         
[33mPairService[39m[33m,[39m
     [90m 40 |[39m         { 
provide[33m:[39m 
[33mPairRepository[39m[33m,[39m 
useValue[33m:[39m mockPairRepo 
}[33m,[39m[0m

      at TestingInjector.lookupComponen
tInParentModules (node_modules/@nestjs/
core/injector/injector.js:290:19)
      at TestingInjector.resolveCompone
ntWrapper (node_modules/@nestjs/testing
/testing-injector.js:19:45)
      at resolveParam (node_modules/@ne
stjs/core/injector/injector.js:140:38)
          at async Promise.all (index 
2)
      at TestingInjector.resolveConstru
ctorParams (node_modules/@nestjs/core/i
njector/injector.js:169:27)
      at TestingInjector.loadInstance (
node_modules/@nestjs/core/injector/inje
ctor.js:75:13)
      at TestingInjector.loadProvider (
node_modules/@nestjs/core/injector/inje
ctor.js:103:9)
      at node_modules/@nestjs/core/inje
ctor/instance-loader.js:56:13
          at async Promise.all (index 
3)
      at TestingInstanceLoader.createIn
stancesOfProviders (node_modules/@nestj
s/core/injector/instance-loader.js:55:9
)
      at node_modules/@nestjs/core/inje
ctor/instance-loader.js:40:13
          at async Promise.all (index 
1)
      at 
TestingInstanceLoader.createInstances (
node_modules/@nestjs/core/injector/inst
ance-loader.js:39:9)
      at TestingInstanceLoader.createIn
stancesOfDependencies (node_modules/@ne
stjs/core/injector/instance-loader.js:2
2:13)
      at TestingInstanceLoader.createIn
stancesOfDependencies (node_modules/@ne
stjs/testing/testing-instance-loader.js
:9:9)
      at TestingModuleBuilder.createIns
tancesOfDependencies (node_modules/@nes
tjs/testing/testing-module.builder.js:1
18:9)
      at TestingModuleBuilder.compile (
node_modules/@nestjs/testing/testing-mo
dule.builder.js:74:9)
      at Object.<anonymous> (src/module
s/pair/__tests__/pair.service.spec.ts:3
7:35)

FAIL src/modules/wallet/__tests__/walle
t.service.spec.ts
  ΓùÅ WalletService ΓÇ║ getWallet ΓÇ║ 
should create a new wallet with zero 
balances if none exists

    Nest can't resolve dependencies of 
the WalletService (WalletRepository, 
?). Please make sure that the argument 
WalletValidationService at index [1] 
is available in the RootTestModule 
context.

    Potential solutions:
    - Is RootTestModule a valid NestJS 
module?
    - If WalletValidationService is a 
provider, is it part of the current 
RootTestModule?
    - If WalletValidationService is 
exported from a separate @Module, is 
that module imported within 
RootTestModule?
      @Module({
        imports: [ /* the Module 
containing WalletValidationService */ ]
      })

    For more common dependency 
resolution issues, see: https://docs.ne
stjs.com/faq/common-errors

    [0m [90m 20 |[39m     
[36mawait[39m 
connectTestDB()[33m;[39m
     [90m 21 |[39m
    [31m[1m>[22m[39m[90m 22 
|[39m     [36mconst[39m 
module[33m:[39m 
[33mTestingModule[39m [33m=[39m 
[36mawait[39m [33mTest[39m[33m.[3
9mcreateTestingModule({
     [90m    |[39m                   
                [31m[1m^[22m[39m
     [90m 23 |[39m       
providers[33m:[39m 
[[33mWalletService[39m[33m,[39m 
[33mWalletRepository[39m][33m,[39m
     [90m 24 |[39m     
})[33m.[39mcompile()[33m;[39m
     [90m 25 |[39m[0m

      at TestingInjector.lookupComponen
tInParentModules (node_modules/@nestjs/
core/injector/injector.js:290:19)
      at TestingInjector.resolveCompone
ntWrapper (node_modules/@nestjs/testing
/testing-injector.js:19:45)
      at resolveParam (node_modules/@ne
stjs/core/injector/injector.js:140:38)
          at async Promise.all (index 
1)
      at TestingInjector.resolveConstru
ctorParams (node_modules/@nestjs/core/i
njector/injector.js:169:27)
      at TestingInjector.loadInstance (
node_modules/@nestjs/core/injector/inje
ctor.js:75:13)
      at TestingInjector.loadProvider (
node_modules/@nestjs/core/injector/inje
ctor.js:103:9)
      at node_modules/@nestjs/core/inje
ctor/instance-loader.js:56:13
          at async Promise.all (index 
3)
      at TestingInstanceLoader.createIn
stancesOfProviders (node_modules/@nestj
s/core/injector/instance-loader.js:55:9
)
      at node_modules/@nestjs/core/inje
ctor/instance-loader.js:40:13
          at async Promise.all (index 
1)
      at 
TestingInstanceLoader.createInstances (
node_modules/@nestjs/core/injector/inst
ance-loader.js:39:9)
      at TestingInstanceLoader.createIn
stancesOfDependencies (node_modules/@ne
stjs/core/injector/instance-loader.js:2
2:13)
      at TestingInstanceLoader.createIn
stancesOfDependencies (node_modules/@ne
stjs/testing/testing-instance-loader.js
:9:9)
      at TestingModuleBuilder.createIns
tancesOfDependencies (node_modules/@nes
tjs/testing/testing-module.builder.js:1
18:9)
      at TestingModuleBuilder.compile (
node_modules/@nestjs/testing/testing-mo
dule.builder.js:74:9)
      at Object.<anonymous> (src/module
s/wallet/__tests__/wallet.service.spec.
ts:22:35)

  ΓùÅ WalletService ΓÇ║ getWallet ΓÇ║ 
should return existing wallet without 
resetting balances

    Nest can't resolve dependencies of 
the WalletService (WalletRepository, 
?). Please make sure that the argument 
WalletValidationService at index [1] 
is available in the RootTestModule 
context.

    Potential solutions:
    - Is RootTestModule a valid NestJS 
module?
    - If WalletValidationService is a 
provider, is it part of the current 
RootTestModule?
    - If WalletValidationService is 
exported from a separate @Module, is 
that module imported within 
RootTestModule?
      @Module({
        imports: [ /* the Module 
containing WalletValidationService */ ]
      })

    For more common dependency 
resolution issues, see: https://docs.ne
stjs.com/faq/common-errors

    [0m [90m 20 |[39m     
[36mawait[39m 
connectTestDB()[33m;[39m
     [90m 21 |[39m
    [31m[1m>[22m[39m[90m 22 
|[39m     [36mconst[39m 
module[33m:[39m 
[33mTestingModule[39m [33m=[39m 
[36mawait[39m [33mTest[39m[33m.[3
9mcreateTestingModule({
     [90m    |[39m                   
                [31m[1m^[22m[39m
     [90m 23 |[39m       
providers[33m:[39m 
[[33mWalletService[39m[33m,[39m 
[33mWalletRepository[39m][33m,[39m
     [90m 24 |[39m     
})[33m.[39mcompile()[33m;[39m
     [90m 25 |[39m[0m

      at TestingInjector.lookupComponen
tInParentModules (node_modules/@nestjs/
core/injector/injector.js:290:19)
      at TestingInjector.resolveCompone
ntWrapper (node_modules/@nestjs/testing
/testing-injector.js:19:45)
      at resolveParam (node_modules/@ne
stjs/core/injector/injector.js:140:38)
          at async Promise.all (index 
1)
      at TestingInjector.resolveConstru
ctorParams (node_modules/@nestjs/core/i
njector/injector.js:169:27)
      at TestingInjector.loadInstance (
node_modules/@nestjs/core/injector/inje
ctor.js:75:13)
      at TestingInjector.loadProvider (
node_modules/@nestjs/core/injector/inje
ctor.js:103:9)
      at node_modules/@nestjs/core/inje
ctor/instance-loader.js:56:13
          at async Promise.all (index 
3)
      at TestingInstanceLoader.createIn
stancesOfProviders (node_modules/@nestj
s/core/injector/instance-loader.js:55:9
)
      at node_modules/@nestjs/core/inje
ctor/instance-loader.js:40:13
          at async Promise.all (index 
1)
      at 
TestingInstanceLoader.createInstances (
node_modules/@nestjs/core/injector/inst
ance-loader.js:39:9)
      at TestingInstanceLoader.createIn
stancesOfDependencies (node_modules/@ne
stjs/core/injector/instance-loader.js:2
2:13)
      at TestingInstanceLoader.createIn
stancesOfDependencies (node_modules/@ne
stjs/testing/testing-instance-loader.js
:9:9)
      at TestingModuleBuilder.createIns
tancesOfDependencies (node_modules/@nes
tjs/testing/testing-module.builder.js:1
18:9)
      at TestingModuleBuilder.compile (
node_modules/@nestjs/testing/testing-mo
dule.builder.js:74:9)
      at Object.<anonymous> (src/module
s/wallet/__tests__/wallet.service.spec.
ts:22:35)

  ΓùÅ WalletService ΓÇ║ getWallet ΓÇ║ 
should be idempotent ΓÇô calling twice 
returns the same wallet

    Nest can't resolve dependencies of 
the WalletService (WalletRepository, 
?). Please make sure that the argument 
WalletValidationService at index [1] 
is available in the RootTestModule 
context.

    Potential solutions:
    - Is RootTestModule a valid NestJS 
module?
    - If WalletValidationService is a 
provider, is it part of the current 
RootTestModule?
    - If WalletValidationService is 
exported from a separate @Module, is 
that module imported within 
RootTestModule?
      @Module({
        imports: [ /* the Module 
containing WalletValidationService */ ]
      })

    For more common dependency 
resolution issues, see: https://docs.ne
stjs.com/faq/common-errors

    [0m [90m 20 |[39m     
[36mawait[39m 
connectTestDB()[33m;[39m
     [90m 21 |[39m
    [31m[1m>[22m[39m[90m 22 
|[39m     [36mconst[39m 
module[33m:[39m 
[33mTestingModule[39m [33m=[39m 
[36mawait[39m [33mTest[39m[33m.[3
9mcreateTestingModule({
     [90m    |[39m                   
                [31m[1m^[22m[39m
     [90m 23 |[39m       
providers[33m:[39m 
[[33mWalletService[39m[33m,[39m 
[33mWalletRepository[39m][33m,[39m
     [90m 24 |[39m     
})[33m.[39mcompile()[33m;[39m
     [90m 25 |[39m[0m

      at TestingInjector.lookupComponen
tInParentModules (node_modules/@nestjs/
core/injector/injector.js:290:19)
      at TestingInjector.resolveCompone
ntWrapper (node_modules/@nestjs/testing
/testing-injector.js:19:45)
      at resolveParam (node_modules/@ne
stjs/core/injector/injector.js:140:38)
          at async Promise.all (index 
1)
      at TestingInjector.resolveConstru
ctorParams (node_modules/@nestjs/core/i
njector/injector.js:169:27)
      at TestingInjector.loadInstance (
node_modules/@nestjs/core/injector/inje
ctor.js:75:13)
      at TestingInjector.loadProvider (
node_modules/@nestjs/core/injector/inje
ctor.js:103:9)
      at node_modules/@nestjs/core/inje
ctor/instance-loader.js:56:13
          at async Promise.all (index 
3)
      at TestingInstanceLoader.createIn
stancesOfProviders (node_modules/@nestj
s/core/injector/instance-loader.js:55:9
)
      at node_modules/@nestjs/core/inje
ctor/instance-loader.js:40:13
          at async Promise.all (index 
1)
      at 
TestingInstanceLoader.createInstances (
node_modules/@nestjs/core/injector/inst
ance-loader.js:39:9)
      at TestingInstanceLoader.createIn
stancesOfDependencies (node_modules/@ne
stjs/core/injector/instance-loader.js:2
2:13)
      at TestingInstanceLoader.createIn
stancesOfDependencies (node_modules/@ne
stjs/testing/testing-instance-loader.js
:9:9)
      at TestingModuleBuilder.createIns
tancesOfDependencies (node_modules/@nes
tjs/testing/testing-module.builder.js:1
18:9)
      at TestingModuleBuilder.compile (
node_modules/@nestjs/testing/testing-mo
dule.builder.js:74:9)
      at Object.<anonymous> (src/module
s/wallet/__tests__/wallet.service.spec.
ts:22:35)

  ΓùÅ WalletService ΓÇ║ depositToTrade 
ΓÇ║ should move funds from balance to 
tradeBalance

    Nest can't resolve dependencies of 
the WalletService (WalletRepository, 
?). Please make sure that the argument 
WalletValidationService at index [1] 
is available in the RootTestModule 
context.

    Potential solutions:
    - Is RootTestModule a valid NestJS 
module?
    - If WalletValidationService is a 
provider, is it part of the current 
RootTestModule?
    - If WalletValidationService is 
exported from a separate @Module, is 
that module imported within 
RootTestModule?
      @Module({
        imports: [ /* the Module 
containing WalletValidationService */ ]
      })

    For more common dependency 
resolution issues, see: https://docs.ne
stjs.com/faq/common-errors

    [0m [90m 20 |[39m     
[36mawait[39m 
connectTestDB()[33m;[39m
     [90m 21 |[39m
    [31m[1m>[22m[39m[90m 22 
|[39m     [36mconst[39m 
module[33m:[39m 
[33mTestingModule[39m [33m=[39m 
[36mawait[39m [33mTest[39m[33m.[3
9mcreateTestingModule({
     [90m    |[39m                   
                [31m[1m^[22m[39m
     [90m 23 |[39m       
providers[33m:[39m 
[[33mWalletService[39m[33m,[39m 
[33mWalletRepository[39m][33m,[39m
     [90m 24 |[39m     
})[33m.[39mcompile()[33m;[39m
     [90m 25 |[39m[0m

      at TestingInjector.lookupComponen
tInParentModules (node_modules/@nestjs/
core/injector/injector.js:290:19)
      at TestingInjector.resolveCompone
ntWrapper (node_modules/@nestjs/testing
/testing-injector.js:19:45)
      at resolveParam (node_modules/@ne
stjs/core/injector/injector.js:140:38)
          at async Promise.all (index 
1)
      at TestingInjector.resolveConstru
ctorParams (node_modules/@nestjs/core/i
njector/injector.js:169:27)
      at TestingInjector.loadInstance (
node_modules/@nestjs/core/injector/inje
ctor.js:75:13)
      at TestingInjector.loadProvider (
node_modules/@nestjs/core/injector/inje
ctor.js:103:9)
      at node_modules/@nestjs/core/inje
ctor/instance-loader.js:56:13
          at async Promise.all (index 
3)
      at TestingInstanceLoader.createIn
stancesOfProviders (node_modules/@nestj
s/core/injector/instance-loader.js:55:9
)
      at node_modules/@nestjs/core/inje
ctor/instance-loader.js:40:13
          at async Promise.all (index 
1)
      at 
TestingInstanceLoader.createInstances (
node_modules/@nestjs/core/injector/inst
ance-loader.js:39:9)
      at TestingInstanceLoader.createIn
stancesOfDependencies (node_modules/@ne
stjs/core/injector/instance-loader.js:2
2:13)
      at TestingInstanceLoader.createIn
stancesOfDependencies (node_modules/@ne
stjs/testing/testing-instance-loader.js
:9:9)
      at TestingModuleBuilder.createIns
tancesOfDependencies (node_modules/@nes
tjs/testing/testing-module.builder.js:1
18:9)
      at TestingModuleBuilder.compile (
node_modules/@nestjs/testing/testing-mo
dule.builder.js:74:9)
      at Object.<anonymous> (src/module
s/wallet/__tests__/wallet.service.spec.
ts:22:35)

  ΓùÅ WalletService ΓÇ║ depositToTrade 
ΓÇ║ should move the entire balance if 
amount equals balance

    Nest can't resolve dependencies of 
the WalletService (WalletRepository, 
?). Please make sure that the argument 
WalletValidationService at index [1] 
is available in the RootTestModule 
context.

    Potential solutions:
    - Is RootTestModule a valid NestJS 
module?
    - If WalletValidationService is a 
provider, is it part of the current 
RootTestModule?
    - If WalletValidationService is 
exported from a separate @Module, is 
that module imported within 
RootTestModule?
      @Module({
        imports: [ /* the Module 
containing WalletValidationService */ ]
      })

    For more common dependency 
resolution issues, see: https://docs.ne
stjs.com/faq/common-errors

    [0m [90m 20 |[39m     
[36mawait[39m 
connectTestDB()[33m;[39m
     [90m 21 |[39m
    [31m[1m>[22m[39m[90m 22 
|[39m     [36mconst[39m 
module[33m:[39m 
[33mTestingModule[39m [33m=[39m 
[36mawait[39m [33mTest[39m[33m.[3
9mcreateTestingModule({
     [90m    |[39m                   
                [31m[1m^[22m[39m
     [90m 23 |[39m       
providers[33m:[39m 
[[33mWalletService[39m[33m,[39m 
[33mWalletRepository[39m][33m,[39m
     [90m 24 |[39m     
})[33m.[39mcompile()[33m;[39m
     [90m 25 |[39m[0m

      at TestingInjector.lookupComponen
tInParentModules (node_modules/@nestjs/
core/injector/injector.js:290:19)
      at TestingInjector.resolveCompone
ntWrapper (node_modules/@nestjs/testing
/testing-injector.js:19:45)
      at resolveParam (node_modules/@ne
stjs/core/injector/injector.js:140:38)
          at async Promise.all (index 
1)
      at TestingInjector.resolveConstru
ctorParams (node_modules/@nestjs/core/i
njector/injector.js:169:27)
      at TestingInjector.loadInstance (
node_modules/@nestjs/core/injector/inje
ctor.js:75:13)
      at TestingInjector.loadProvider (
node_modules/@nestjs/core/injector/inje
ctor.js:103:9)
      at node_modules/@nestjs/core/inje
ctor/instance-loader.js:56:13
          at async Promise.all (index 
3)
      at TestingInstanceLoader.createIn
stancesOfProviders (node_modules/@nestj
s/core/injector/instance-loader.js:55:9
)
      at node_modules/@nestjs/core/inje
ctor/instance-loader.js:40:13
          at async Promise.all (index 
1)
      at 
TestingInstanceLoader.createInstances (
node_modules/@nestjs/core/injector/inst
ance-loader.js:39:9)
      at TestingInstanceLoader.createIn
stancesOfDependencies (node_modules/@ne
stjs/core/injector/instance-loader.js:2
2:13)
      at TestingInstanceLoader.createIn
stancesOfDependencies (node_modules/@ne
stjs/testing/testing-instance-loader.js
:9:9)
      at TestingModuleBuilder.createIns
tancesOfDependencies (node_modules/@nes
tjs/testing/testing-module.builder.js:1
18:9)
      at TestingModuleBuilder.compile (
node_modules/@nestjs/testing/testing-mo
dule.builder.js:74:9)
      at Object.<anonymous> (src/module
s/wallet/__tests__/wallet.service.spec.
ts:22:35)

  ΓùÅ WalletService ΓÇ║ depositToTrade 
ΓÇ║ should throw BadRequestException 
when amount <= 0

    Nest can't resolve dependencies of 
the WalletService (WalletRepository, 
?). Please make sure that the argument 
WalletValidationService at index [1] 
is available in the RootTestModule 
context.

    Potential solutions:
    - Is RootTestModule a valid NestJS 
module?
    - If WalletValidationService is a 
provider, is it part of the current 
RootTestModule?
    - If WalletValidationService is 
exported from a separate @Module, is 
that module imported within 
RootTestModule?
      @Module({
        imports: [ /* the Module 
containing WalletValidationService */ ]
      })

    For more common dependency 
resolution issues, see: https://docs.ne
stjs.com/faq/common-errors

    [0m [90m 20 |[39m     
[36mawait[39m 
connectTestDB()[33m;[39m
     [90m 21 |[39m
    [31m[1m>[22m[39m[90m 22 
|[39m     [36mconst[39m 
module[33m:[39m 
[33mTestingModule[39m [33m=[39m 
[36mawait[39m [33mTest[39m[33m.[3
9mcreateTestingModule({
     [90m    |[39m                   
                [31m[1m^[22m[39m
     [90m 23 |[39m       
providers[33m:[39m 
[[33mWalletService[39m[33m,[39m 
[33mWalletRepository[39m][33m,[39m
     [90m 24 |[39m     
})[33m.[39mcompile()[33m;[39m
     [90m 25 |[39m[0m

      at TestingInjector.lookupComponen
tInParentModules (node_modules/@nestjs/
core/injector/injector.js:290:19)
      at TestingInjector.resolveCompone
ntWrapper (node_modules/@nestjs/testing
/testing-injector.js:19:45)
      at resolveParam (node_modules/@ne
stjs/core/injector/injector.js:140:38)
          at async Promise.all (index 
1)
      at TestingInjector.resolveConstru
ctorParams (node_modules/@nestjs/core/i
njector/injector.js:169:27)
      at TestingInjector.loadInstance (
node_modules/@nestjs/core/injector/inje
ctor.js:75:13)
      at TestingInjector.loadProvider (
node_modules/@nestjs/core/injector/inje
ctor.js:103:9)
      at node_modules/@nestjs/core/inje
ctor/instance-loader.js:56:13
          at async Promise.all (index 
3)
      at TestingInstanceLoader.createIn
stancesOfProviders (node_modules/@nestj
s/core/injector/instance-loader.js:55:9
)
      at node_modules/@nestjs/core/inje
ctor/instance-loader.js:40:13
          at async Promise.all (index 
1)
      at 
TestingInstanceLoader.createInstances (
node_modules/@nestjs/core/injector/inst
ance-loader.js:39:9)
      at TestingInstanceLoader.createIn
stancesOfDependencies (node_modules/@ne
stjs/core/injector/instance-loader.js:2
2:13)
      at TestingInstanceLoader.createIn
stancesOfDependencies (node_modules/@ne
stjs/testing/testing-instance-loader.js
:9:9)
      at TestingModuleBuilder.createIns
tancesOfDependencies (node_modules/@nes
tjs/testing/testing-module.builder.js:1
18:9)
      at TestingModuleBuilder.compile (
node_modules/@nestjs/testing/testing-mo
dule.builder.js:74:9)
      at Object.<anonymous> (src/module
s/wallet/__tests__/wallet.service.spec.
ts:22:35)

  ΓùÅ WalletService ΓÇ║ depositToTrade 
ΓÇ║ should throw BadRequestException 
when balance is insufficient

    Nest can't resolve dependencies of 
the WalletService (WalletRepository, 
?). Please make sure that the argument 
WalletValidationService at index [1] 
is available in the RootTestModule 
context.

    Potential solutions:
    - Is RootTestModule a valid NestJS 
module?
    - If WalletValidationService is a 
provider, is it part of the current 
RootTestModule?
    - If WalletValidationService is 
exported from a separate @Module, is 
that module imported within 
RootTestModule?
      @Module({
        imports: [ /* the Module 
containing WalletValidationService */ ]
      })

    For more common dependency 
resolution issues, see: https://docs.ne
stjs.com/faq/common-errors

    [0m [90m 20 |[39m     
[36mawait[39m 
connectTestDB()[33m;[39m
     [90m 21 |[39m
    [31m[1m>[22m[39m[90m 22 
|[39m     [36mconst[39m 
module[33m:[39m 
[33mTestingModule[39m [33m=[39m 
[36mawait[39m [33mTest[39m[33m.[3
9mcreateTestingModule({
     [90m    |[39m                   
                [31m[1m^[22m[39m
     [90m 23 |[39m       
providers[33m:[39m 
[[33mWalletService[39m[33m,[39m 
[33mWalletRepository[39m][33m,[39m
     [90m 24 |[39m     
})[33m.[39mcompile()[33m;[39m
     [90m 25 |[39m[0m

      at TestingInjector.lookupComponen
tInParentModules (node_modules/@nestjs/
core/injector/injector.js:290:19)
      at TestingInjector.resolveCompone
ntWrapper (node_modules/@nestjs/testing
/testing-injector.js:19:45)
      at resolveParam (node_modules/@ne
stjs/core/injector/injector.js:140:38)
          at async Promise.all (index 
1)
      at TestingInjector.resolveConstru
ctorParams (node_modules/@nestjs/core/i
njector/injector.js:169:27)
      at TestingInjector.loadInstance (
node_modules/@nestjs/core/injector/inje
ctor.js:75:13)
      at TestingInjector.loadProvider (
node_modules/@nestjs/core/injector/inje
ctor.js:103:9)
      at node_modules/@nestjs/core/inje
ctor/instance-loader.js:56:13
          at async Promise.all (index 
3)
      at TestingInstanceLoader.createIn
stancesOfProviders (node_modules/@nestj
s/core/injector/instance-loader.js:55:9
)
      at node_modules/@nestjs/core/inje
ctor/instance-loader.js:40:13
          at async Promise.all (index 
1)
      at 
TestingInstanceLoader.createInstances (
node_modules/@nestjs/core/injector/inst
ance-loader.js:39:9)
      at TestingInstanceLoader.createIn
stancesOfDependencies (node_modules/@ne
stjs/core/injector/instance-loader.js:2
2:13)
      at TestingInstanceLoader.createIn
stancesOfDependencies (node_modules/@ne
stjs/testing/testing-instance-loader.js
:9:9)
      at TestingModuleBuilder.createIns
tancesOfDependencies (node_modules/@nes
tjs/testing/testing-module.builder.js:1
18:9)
      at TestingModuleBuilder.compile (
node_modules/@nestjs/testing/testing-mo
dule.builder.js:74:9)
      at Object.<anonymous> (src/module
s/wallet/__tests__/wallet.service.spec.
ts:22:35)

  ΓùÅ WalletService ΓÇ║ depositToTrade 
ΓÇ║ should throw BadRequestException 
when wallet does not exist

    Nest can't resolve dependencies of 
the WalletService (WalletRepository, 
?). Please make sure that the argument 
WalletValidationService at index [1] 
is available in the RootTestModule 
context.

    Potential solutions:
    - Is RootTestModule a valid NestJS 
module?
    - If WalletValidationService is a 
provider, is it part of the current 
RootTestModule?
    - If WalletValidationService is 
exported from a separate @Module, is 
that module imported within 
RootTestModule?
      @Module({
        imports: [ /* the Module 
containing WalletValidationService */ ]
      })

    For more common dependency 
resolution issues, see: https://docs.ne
stjs.com/faq/common-errors

    [0m [90m 20 |[39m     
[36mawait[39m 
connectTestDB()[33m;[39m
     [90m 21 |[39m
    [31m[1m>[22m[39m[90m 22 
|[39m     [36mconst[39m 
module[33m:[39m 
[33mTestingModule[39m [33m=[39m 
[36mawait[39m [33mTest[39m[33m.[3
9mcreateTestingModule({
     [90m    |[39m                   
                [31m[1m^[22m[39m
     [90m 23 |[39m       
providers[33m:[39m 
[[33mWalletService[39m[33m,[39m 
[33mWalletRepository[39m][33m,[39m
     [90m 24 |[39m     
})[33m.[39mcompile()[33m;[39m
     [90m 25 |[39m[0m

      at TestingInjector.lookupComponen
tInParentModules (node_modules/@nestjs/
core/injector/injector.js:290:19)
      at TestingInjector.resolveCompone
ntWrapper (node_modules/@nestjs/testing
/testing-injector.js:19:45)
      at resolveParam (node_modules/@ne
stjs/core/injector/injector.js:140:38)
          at async Promise.all (index 
1)
      at TestingInjector.resolveConstru
ctorParams (node_modules/@nestjs/core/i
njector/injector.js:169:27)
      at TestingInjector.loadInstance (
node_modules/@nestjs/core/injector/inje
ctor.js:75:13)
      at TestingInjector.loadProvider (
node_modules/@nestjs/core/injector/inje
ctor.js:103:9)
      at node_modules/@nestjs/core/inje
ctor/instance-loader.js:56:13
          at async Promise.all (index 
3)
      at TestingInstanceLoader.createIn
stancesOfProviders (node_modules/@nestj
s/core/injector/instance-loader.js:55:9
)
      at node_modules/@nestjs/core/inje
ctor/instance-loader.js:40:13
          at async Promise.all (index 
1)
      at 
TestingInstanceLoader.createInstances (
node_modules/@nestjs/core/injector/inst
ance-loader.js:39:9)
      at TestingInstanceLoader.createIn
stancesOfDependencies (node_modules/@ne
stjs/core/injector/instance-loader.js:2
2:13)
      at TestingInstanceLoader.createIn
stancesOfDependencies (node_modules/@ne
stjs/testing/testing-instance-loader.js
:9:9)
      at TestingModuleBuilder.createIns
tancesOfDependencies (node_modules/@nes
tjs/testing/testing-module.builder.js:1
18:9)
      at TestingModuleBuilder.compile (
node_modules/@nestjs/testing/testing-mo
dule.builder.js:74:9)
      at Object.<anonymous> (src/module
s/wallet/__tests__/wallet.service.spec.
ts:22:35)

  ΓùÅ WalletService ΓÇ║ 
withdrawFromTrade ΓÇ║ should move 
funds from tradeBalance back to balance

    Nest can't resolve dependencies of 
the WalletService (WalletRepository, 
?). Please make sure that the argument 
WalletValidationService at index [1] 
is available in the RootTestModule 
context.

    Potential solutions:
    - Is RootTestModule a valid NestJS 
module?
    - If WalletValidationService is a 
provider, is it part of the current 
RootTestModule?
    - If WalletValidationService is 
exported from a separate @Module, is 
that module imported within 
RootTestModule?
      @Module({
        imports: [ /* the Module 
containing WalletValidationService */ ]
      })

    For more common dependency 
resolution issues, see: https://docs.ne
stjs.com/faq/common-errors

    [0m [90m 20 |[39m     
[36mawait[39m 
connectTestDB()[33m;[39m
     [90m 21 |[39m
    [31m[1m>[22m[39m[90m 22 
|[39m     [36mconst[39m 
module[33m:[39m 
[33mTestingModule[39m [33m=[39m 
[36mawait[39m [33mTest[39m[33m.[3
9mcreateTestingModule({
     [90m    |[39m                   
                [31m[1m^[22m[39m
     [90m 23 |[39m       
providers[33m:[39m 
[[33mWalletService[39m[33m,[39m 
[33mWalletRepository[39m][33m,[39m
     [90m 24 |[39m     
})[33m.[39mcompile()[33m;[39m
     [90m 25 |[39m[0m

      at TestingInjector.lookupComponen
tInParentModules (node_modules/@nestjs/
core/injector/injector.js:290:19)
      at TestingInjector.resolveCompone
ntWrapper (node_modules/@nestjs/testing
/testing-injector.js:19:45)
      at resolveParam (node_modules/@ne
stjs/core/injector/injector.js:140:38)
          at async Promise.all (index 
1)
      at TestingInjector.resolveConstru
ctorParams (node_modules/@nestjs/core/i
njector/injector.js:169:27)
      at TestingInjector.loadInstance (
node_modules/@nestjs/core/injector/inje
ctor.js:75:13)
      at TestingInjector.loadProvider (
node_modules/@nestjs/core/injector/inje
ctor.js:103:9)
      at node_modules/@nestjs/core/inje
ctor/instance-loader.js:56:13
          at async Promise.all (index 
3)
      at TestingInstanceLoader.createIn
stancesOfProviders (node_modules/@nestj
s/core/injector/instance-loader.js:55:9
)
      at node_modules/@nestjs/core/inje
ctor/instance-loader.js:40:13
          at async Promise.all (index 
1)
      at 
TestingInstanceLoader.createInstances (
node_modules/@nestjs/core/injector/inst
ance-loader.js:39:9)
      at TestingInstanceLoader.createIn
stancesOfDependencies (node_modules/@ne
stjs/core/injector/instance-loader.js:2
2:13)
      at TestingInstanceLoader.createIn
stancesOfDependencies (node_modules/@ne
stjs/testing/testing-instance-loader.js
:9:9)
      at TestingModuleBuilder.createIns
tancesOfDependencies (node_modules/@nes
tjs/testing/testing-module.builder.js:1
18:9)
      at TestingModuleBuilder.compile (
node_modules/@nestjs/testing/testing-mo
dule.builder.js:74:9)
      at Object.<anonymous> (src/module
s/wallet/__tests__/wallet.service.spec.
ts:22:35)

  ΓùÅ WalletService ΓÇ║ 
withdrawFromTrade ΓÇ║ should withdraw 
the entire tradeBalance

    Nest can't resolve dependencies of 
the WalletService (WalletRepository, 
?). Please make sure that the argument 
WalletValidationService at index [1] 
is available in the RootTestModule 
context.

    Potential solutions:
    - Is RootTestModule a valid NestJS 
module?
    - If WalletValidationService is a 
provider, is it part of the current 
RootTestModule?
    - If WalletValidationService is 
exported from a separate @Module, is 
that module imported within 
RootTestModule?
      @Module({
        imports: [ /* the Module 
containing WalletValidationService */ ]
      })

    For more common dependency 
resolution issues, see: https://docs.ne
stjs.com/faq/common-errors

    [0m [90m 20 |[39m     
[36mawait[39m 
connectTestDB()[33m;[39m
     [90m 21 |[39m
    [31m[1m>[22m[39m[90m 22 
|[39m     [36mconst[39m 
module[33m:[39m 
[33mTestingModule[39m [33m=[39m 
[36mawait[39m [33mTest[39m[33m.[3
9mcreateTestingModule({
     [90m    |[39m                   
                [31m[1m^[22m[39m
     [90m 23 |[39m       
providers[33m:[39m 
[[33mWalletService[39m[33m,[39m 
[33mWalletRepository[39m][33m,[39m
     [90m 24 |[39m     
})[33m.[39mcompile()[33m;[39m
     [90m 25 |[39m[0m

      at TestingInjector.lookupComponen
tInParentModules (node_modules/@nestjs/
core/injector/injector.js:290:19)
      at TestingInjector.resolveCompone
ntWrapper (node_modules/@nestjs/testing
/testing-injector.js:19:45)
      at resolveParam (node_modules/@ne
stjs/core/injector/injector.js:140:38)
          at async Promise.all (index 
1)
      at TestingInjector.resolveConstru
ctorParams (node_modules/@nestjs/core/i
njector/injector.js:169:27)
      at TestingInjector.loadInstance (
node_modules/@nestjs/core/injector/inje
ctor.js:75:13)
      at TestingInjector.loadProvider (
node_modules/@nestjs/core/injector/inje
ctor.js:103:9)
      at node_modules/@nestjs/core/inje
ctor/instance-loader.js:56:13
          at async Promise.all (index 
3)
      at TestingInstanceLoader.createIn
stancesOfProviders (node_modules/@nestj
s/core/injector/instance-loader.js:55:9
)
      at node_modules/@nestjs/core/inje
ctor/instance-loader.js:40:13
          at async Promise.all (index 
1)
      at 
TestingInstanceLoader.createInstances (
node_modules/@nestjs/core/injector/inst
ance-loader.js:39:9)
      at TestingInstanceLoader.createIn
stancesOfDependencies (node_modules/@ne
stjs/core/injector/instance-loader.js:2
2:13)
      at TestingInstanceLoader.createIn
stancesOfDependencies (node_modules/@ne
stjs/testing/testing-instance-loader.js
:9:9)
      at TestingModuleBuilder.createIns
tancesOfDependencies (node_modules/@nes
tjs/testing/testing-module.builder.js:1
18:9)
      at TestingModuleBuilder.compile (
node_modules/@nestjs/testing/testing-mo
dule.builder.js:74:9)
      at Object.<anonymous> (src/module
s/wallet/__tests__/wallet.service.spec.
ts:22:35)

  ΓùÅ WalletService ΓÇ║ 
withdrawFromTrade ΓÇ║ should throw 
BadRequestException when amount <= 0

    Nest can't resolve dependencies of 
the WalletService (WalletRepository, 
?). Please make sure that the argument 
WalletValidationService at index [1] 
is available in the RootTestModule 
context.

    Potential solutions:
    - Is RootTestModule a valid NestJS 
module?
    - If WalletValidationService is a 
provider, is it part of the current 
RootTestModule?
    - If WalletValidationService is 
exported from a separate @Module, is 
that module imported within 
RootTestModule?
      @Module({
        imports: [ /* the Module 
containing WalletValidationService */ ]
      })

    For more common dependency 
resolution issues, see: https://docs.ne
stjs.com/faq/common-errors

    [0m [90m 20 |[39m     
[36mawait[39m 
connectTestDB()[33m;[39m
     [90m 21 |[39m
    [31m[1m>[22m[39m[90m 22 
|[39m     [36mconst[39m 
module[33m:[39m 
[33mTestingModule[39m [33m=[39m 
[36mawait[39m [33mTest[39m[33m.[3
9mcreateTestingModule({
     [90m    |[39m                   
                [31m[1m^[22m[39m
     [90m 23 |[39m       
providers[33m:[39m 
[[33mWalletService[39m[33m,[39m 
[33mWalletRepository[39m][33m,[39m
     [90m 24 |[39m     
})[33m.[39mcompile()[33m;[39m
     [90m 25 |[39m[0m

      at TestingInjector.lookupComponen
tInParentModules (node_modules/@nestjs/
core/injector/injector.js:290:19)
      at TestingInjector.resolveCompone
ntWrapper (node_modules/@nestjs/testing
/testing-injector.js:19:45)
      at resolveParam (node_modules/@ne
stjs/core/injector/injector.js:140:38)
          at async Promise.all (index 
1)
      at TestingInjector.resolveConstru
ctorParams (node_modules/@nestjs/core/i
njector/injector.js:169:27)
      at TestingInjector.loadInstance (
node_modules/@nestjs/core/injector/inje
ctor.js:75:13)
      at TestingInjector.loadProvider (
node_modules/@nestjs/core/injector/inje
ctor.js:103:9)
      at node_modules/@nestjs/core/inje
ctor/instance-loader.js:56:13
          at async Promise.all (index 
3)
      at TestingInstanceLoader.createIn
stancesOfProviders (node_modules/@nestj
s/core/injector/instance-loader.js:55:9
)
      at node_modules/@nestjs/core/inje
ctor/instance-loader.js:40:13
          at async Promise.all (index 
1)
      at 
TestingInstanceLoader.createInstances (
node_modules/@nestjs/core/injector/inst
ance-loader.js:39:9)
      at TestingInstanceLoader.createIn
stancesOfDependencies (node_modules/@ne
stjs/core/injector/instance-loader.js:2
2:13)
      at TestingInstanceLoader.createIn
stancesOfDependencies (node_modules/@ne
stjs/testing/testing-instance-loader.js
:9:9)
      at TestingModuleBuilder.createIns
tancesOfDependencies (node_modules/@nes
tjs/testing/testing-module.builder.js:1
18:9)
      at TestingModuleBuilder.compile (
node_modules/@nestjs/testing/testing-mo
dule.builder.js:74:9)
      at Object.<anonymous> (src/module
s/wallet/__tests__/wallet.service.spec.
ts:22:35)

  ΓùÅ WalletService ΓÇ║ 
withdrawFromTrade ΓÇ║ should throw 
BadRequestException when tradeBalance 
is insufficient

    Nest can't resolve dependencies of 
the WalletService (WalletRepository, 
?). Please make sure that the argument 
WalletValidationService at index [1] 
is available in the RootTestModule 
context.

    Potential solutions:
    - Is RootTestModule a valid NestJS 
module?
    - If WalletValidationService is a 
provider, is it part of the current 
RootTestModule?
    - If WalletValidationService is 
exported from a separate @Module, is 
that module imported within 
RootTestModule?
      @Module({
        imports: [ /* the Module 
containing WalletValidationService */ ]
      })

    For more common dependency 
resolution issues, see: https://docs.ne
stjs.com/faq/common-errors

    [0m [90m 20 |[39m     
[36mawait[39m 
connectTestDB()[33m;[39m
     [90m 21 |[39m
    [31m[1m>[22m[39m[90m 22 
|[39m     [36mconst[39m 
module[33m:[39m 
[33mTestingModule[39m [33m=[39m 
[36mawait[39m [33mTest[39m[33m.[3
9mcreateTestingModule({
     [90m    |[39m                   
                [31m[1m^[22m[39m
     [90m 23 |[39m       
providers[33m:[39m 
[[33mWalletService[39m[33m,[39m 
[33mWalletRepository[39m][33m,[39m
     [90m 24 |[39m     
})[33m.[39mcompile()[33m;[39m
     [90m 25 |[39m[0m

      at TestingInjector.lookupComponen
tInParentModules (node_modules/@nestjs/
core/injector/injector.js:290:19)
      at TestingInjector.resolveCompone
ntWrapper (node_modules/@nestjs/testing
/testing-injector.js:19:45)
      at resolveParam (node_modules/@ne
stjs/core/injector/injector.js:140:38)
          at async Promise.all (index 
1)
      at TestingInjector.resolveConstru
ctorParams (node_modules/@nestjs/core/i
njector/injector.js:169:27)
      at TestingInjector.loadInstance (
node_modules/@nestjs/core/injector/inje
ctor.js:75:13)
      at TestingInjector.loadProvider (
node_modules/@nestjs/core/injector/inje
ctor.js:103:9)
      at node_modules/@nestjs/core/inje
ctor/instance-loader.js:56:13
          at async Promise.all (index 
3)
      at TestingInstanceLoader.createIn
stancesOfProviders (node_modules/@nestj
s/core/injector/instance-loader.js:55:9
)
      at node_modules/@nestjs/core/inje
ctor/instance-loader.js:40:13
          at async Promise.all (index 
1)
      at 
TestingInstanceLoader.createInstances (
node_modules/@nestjs/core/injector/inst
ance-loader.js:39:9)
      at TestingInstanceLoader.createIn
stancesOfDependencies (node_modules/@ne
stjs/core/injector/instance-loader.js:2
2:13)
      at TestingInstanceLoader.createIn
stancesOfDependencies (node_modules/@ne
stjs/testing/testing-instance-loader.js
:9:9)
      at TestingModuleBuilder.createIns
tancesOfDependencies (node_modules/@nes
tjs/testing/testing-module.builder.js:1
18:9)
      at TestingModuleBuilder.compile (
node_modules/@nestjs/testing/testing-mo
dule.builder.js:74:9)
      at Object.<anonymous> (src/module
s/wallet/__tests__/wallet.service.spec.
ts:22:35)

  ΓùÅ WalletService ΓÇ║ 
withdrawFromTrade ΓÇ║ should throw 
BadRequestException when wallet does 
not exist

    Nest can't resolve dependencies of 
the WalletService (WalletRepository, 
?). Please make sure that the argument 
WalletValidationService at index [1] 
is available in the RootTestModule 
context.

    Potential solutions:
    - Is RootTestModule a valid NestJS 
module?
    - If WalletValidationService is a 
provider, is it part of the current 
RootTestModule?
    - If WalletValidationService is 
exported from a separate @Module, is 
that module imported within 
RootTestModule?
      @Module({
        imports: [ /* the Module 
containing WalletValidationService */ ]
      })

    For more common dependency 
resolution issues, see: https://docs.ne
stjs.com/faq/common-errors

    [0m [90m 20 |[39m     
[36mawait[39m 
connectTestDB()[33m;[39m
     [90m 21 |[39m
    [31m[1m>[22m[39m[90m 22 
|[39m     [36mconst[39m 
module[33m:[39m 
[33mTestingModule[39m [33m=[39m 
[36mawait[39m [33mTest[39m[33m.[3
9mcreateTestingModule({
     [90m    |[39m                   
                [31m[1m^[22m[39m
     [90m 23 |[39m       
providers[33m:[39m 
[[33mWalletService[39m[33m,[39m 
[33mWalletRepository[39m][33m,[39m
     [90m 24 |[39m     
})[33m.[39mcompile()[33m;[39m
     [90m 25 |[39m[0m

      at TestingInjector.lookupComponen
tInParentModules (node_modules/@nestjs/
core/injector/injector.js:290:19)
      at TestingInjector.resolveCompone
ntWrapper (node_modules/@nestjs/testing
/testing-injector.js:19:45)
      at resolveParam (node_modules/@ne
stjs/core/injector/injector.js:140:38)
          at async Promise.all (index 
1)
      at TestingInjector.resolveConstru
ctorParams (node_modules/@nestjs/core/i
njector/injector.js:169:27)
      at TestingInjector.loadInstance (
node_modules/@nestjs/core/injector/inje
ctor.js:75:13)
      at TestingInjector.loadProvider (
node_modules/@nestjs/core/injector/inje
ctor.js:103:9)
      at node_modules/@nestjs/core/inje
ctor/instance-loader.js:56:13
          at async Promise.all (index 
3)
      at TestingInstanceLoader.createIn
stancesOfProviders (node_modules/@nestj
s/core/injector/instance-loader.js:55:9
)
      at node_modules/@nestjs/core/inje
ctor/instance-loader.js:40:13
          at async Promise.all (index 
1)
      at 
TestingInstanceLoader.createInstances (
node_modules/@nestjs/core/injector/inst
ance-loader.js:39:9)
      at TestingInstanceLoader.createIn
stancesOfDependencies (node_modules/@ne
stjs/core/injector/instance-loader.js:2
2:13)
      at TestingInstanceLoader.createIn
stancesOfDependencies (node_modules/@ne
stjs/testing/testing-instance-loader.js
:9:9)
      at TestingModuleBuilder.createIns
tancesOfDependencies (node_modules/@nes
tjs/testing/testing-module.builder.js:1
18:9)
      at TestingModuleBuilder.compile (
node_modules/@nestjs/testing/testing-mo
dule.builder.js:74:9)
      at Object.<anonymous> (src/module
s/wallet/__tests__/wallet.service.spec.
ts:22:35)

  ΓùÅ WalletService ΓÇ║ updateTradePnL 
ΓÇ║ should increase tradeBalance with 
positive PnL

    Nest can't resolve dependencies of 
the WalletService (WalletRepository, 
?). Please make sure that the argument 
WalletValidationService at index [1] 
is available in the RootTestModule 
context.

    Potential solutions:
    - Is RootTestModule a valid NestJS 
module?
    - If WalletValidationService is a 
provider, is it part of the current 
RootTestModule?
    - If WalletValidationService is 
exported from a separate @Module, is 
that module imported within 
RootTestModule?
      @Module({
        imports: [ /* the Module 
containing WalletValidationService */ ]
      })

    For more common dependency 
resolution issues, see: https://docs.ne
stjs.com/faq/common-errors

    [0m [90m 20 |[39m     
[36mawait[39m 
connectTestDB()[33m;[39m
     [90m 21 |[39m
    [31m[1m>[22m[39m[90m 22 
|[39m     [36mconst[39m 
module[33m:[39m 
[33mTestingModule[39m [33m=[39m 
[36mawait[39m [33mTest[39m[33m.[3
9mcreateTestingModule({
     [90m    |[39m                   
                [31m[1m^[22m[39m
     [90m 23 |[39m       
providers[33m:[39m 
[[33mWalletService[39m[33m,[39m 
[33mWalletRepository[39m][33m,[39m
     [90m 24 |[39m     
})[33m.[39mcompile()[33m;[39m
     [90m 25 |[39m[0m

      at TestingInjector.lookupComponen
tInParentModules (node_modules/@nestjs/
core/injector/injector.js:290:19)
      at TestingInjector.resolveCompone
ntWrapper (node_modules/@nestjs/testing
/testing-injector.js:19:45)
      at resolveParam (node_modules/@ne
stjs/core/injector/injector.js:140:38)
          at async Promise.all (index 
1)
      at TestingInjector.resolveConstru
ctorParams (node_modules/@nestjs/core/i
njector/injector.js:169:27)
      at TestingInjector.loadInstance (
node_modules/@nestjs/core/injector/inje
ctor.js:75:13)
      at TestingInjector.loadProvider (
node_modules/@nestjs/core/injector/inje
ctor.js:103:9)
      at node_modules/@nestjs/core/inje
ctor/instance-loader.js:56:13
          at async Promise.all (index 
3)
      at TestingInstanceLoader.createIn
stancesOfProviders (node_modules/@nestj
s/core/injector/instance-loader.js:55:9
)
      at node_modules/@nestjs/core/inje
ctor/instance-loader.js:40:13
          at async Promise.all (index 
1)
      at 
TestingInstanceLoader.createInstances (
node_modules/@nestjs/core/injector/inst
ance-loader.js:39:9)
      at TestingInstanceLoader.createIn
stancesOfDependencies (node_modules/@ne
stjs/core/injector/instance-loader.js:2
2:13)
      at TestingInstanceLoader.createIn
stancesOfDependencies (node_modules/@ne
stjs/testing/testing-instance-loader.js
:9:9)
      at TestingModuleBuilder.createIns
tancesOfDependencies (node_modules/@nes
tjs/testing/testing-module.builder.js:1
18:9)
      at TestingModuleBuilder.compile (
node_modules/@nestjs/testing/testing-mo
dule.builder.js:74:9)
      at Object.<anonymous> (src/module
s/wallet/__tests__/wallet.service.spec.
ts:22:35)

  ΓùÅ WalletService ΓÇ║ updateTradePnL 
ΓÇ║ should decrease tradeBalance with 
negative PnL

    Nest can't resolve dependencies of 
the WalletService (WalletRepository, 
?). Please make sure that the argument 
WalletValidationService at index [1] 
is available in the RootTestModule 
context.

    Potential solutions:
    - Is RootTestModule a valid NestJS 
module?
    - If WalletValidationService is a 
provider, is it part of the current 
RootTestModule?
    - If WalletValidationService is 
exported from a separate @Module, is 
that module imported within 
RootTestModule?
      @Module({
        imports: [ /* the Module 
containing WalletValidationService */ ]
      })

    For more common dependency 
resolution issues, see: https://docs.ne
stjs.com/faq/common-errors

    [0m [90m 20 |[39m     
[36mawait[39m 
connectTestDB()[33m;[39m
     [90m 21 |[39m
    [31m[1m>[22m[39m[90m 22 
|[39m     [36mconst[39m 
module[33m:[39m 
[33mTestingModule[39m [33m=[39m 
[36mawait[39m [33mTest[39m[33m.[3
9mcreateTestingModule({
     [90m    |[39m                   
                [31m[1m^[22m[39m
     [90m 23 |[39m       
providers[33m:[39m 
[[33mWalletService[39m[33m,[39m 
[33mWalletRepository[39m][33m,[39m
     [90m 24 |[39m     
})[33m.[39mcompile()[33m;[39m
     [90m 25 |[39m[0m

      at TestingInjector.lookupComponen
tInParentModules (node_modules/@nestjs/
core/injector/injector.js:290:19)
      at TestingInjector.resolveCompone
ntWrapper (node_modules/@nestjs/testing
/testing-injector.js:19:45)
      at resolveParam (node_modules/@ne
stjs/core/injector/injector.js:140:38)
          at async Promise.all (index 
1)
      at TestingInjector.resolveConstru
ctorParams (node_modules/@nestjs/core/i
njector/injector.js:169:27)
      at TestingInjector.loadInstance (
node_modules/@nestjs/core/injector/inje
ctor.js:75:13)
      at TestingInjector.loadProvider (
node_modules/@nestjs/core/injector/inje
ctor.js:103:9)
      at node_modules/@nestjs/core/inje
ctor/instance-loader.js:56:13
          at async Promise.all (index 
3)
      at TestingInstanceLoader.createIn
stancesOfProviders (node_modules/@nestj
s/core/injector/instance-loader.js:55:9
)
      at node_modules/@nestjs/core/inje
ctor/instance-loader.js:40:13
          at async Promise.all (index 
1)
      at 
TestingInstanceLoader.createInstances (
node_modules/@nestjs/core/injector/inst
ance-loader.js:39:9)
      at TestingInstanceLoader.createIn
stancesOfDependencies (node_modules/@ne
stjs/core/injector/instance-loader.js:2
2:13)
      at TestingInstanceLoader.createIn
stancesOfDependencies (node_modules/@ne
stjs/testing/testing-instance-loader.js
:9:9)
      at TestingModuleBuilder.createIns
tancesOfDependencies (node_modules/@nes
tjs/testing/testing-module.builder.js:1
18:9)
      at TestingModuleBuilder.compile (
node_modules/@nestjs/testing/testing-mo
dule.builder.js:74:9)
      at Object.<anonymous> (src/module
s/wallet/__tests__/wallet.service.spec.
ts:22:35)

  ΓùÅ WalletService ΓÇ║ updateTradePnL 
ΓÇ║ should clamp tradeBalance to 0 
when loss exceeds balance

    Nest can't resolve dependencies of 
the WalletService (WalletRepository, 
?). Please make sure that the argument 
WalletValidationService at index [1] 
is available in the RootTestModule 
context.

    Potential solutions:
    - Is RootTestModule a valid NestJS 
module?
    - If WalletValidationService is a 
provider, is it part of the current 
RootTestModule?
    - If WalletValidationService is 
exported from a separate @Module, is 
that module imported within 
RootTestModule?
      @Module({
        imports: [ /* the Module 
containing WalletValidationService */ ]
      })

    For more common dependency 
resolution issues, see: https://docs.ne
stjs.com/faq/common-errors

    [0m [90m 20 |[39m     
[36mawait[39m 
connectTestDB()[33m;[39m
     [90m 21 |[39m
    [31m[1m>[22m[39m[90m 22 
|[39m     [36mconst[39m 
module[33m:[39m 
[33mTestingModule[39m [33m=[39m 
[36mawait[39m [33mTest[39m[33m.[3
9mcreateTestingModule({
     [90m    |[39m                   
                [31m[1m^[22m[39m
     [90m 23 |[39m       
providers[33m:[39m 
[[33mWalletService[39m[33m,[39m 
[33mWalletRepository[39m][33m,[39m
     [90m 24 |[39m     
})[33m.[39mcompile()[33m;[39m
     [90m 25 |[39m[0m

      at TestingInjector.lookupComponen
tInParentModules (node_modules/@nestjs/
core/injector/injector.js:290:19)
      at TestingInjector.resolveCompone
ntWrapper (node_modules/@nestjs/testing
/testing-injector.js:19:45)
      at resolveParam (node_modules/@ne
stjs/core/injector/injector.js:140:38)
          at async Promise.all (index 
1)
      at TestingInjector.resolveConstru
ctorParams (node_modules/@nestjs/core/i
njector/injector.js:169:27)
      at TestingInjector.loadInstance (
node_modules/@nestjs/core/injector/inje
ctor.js:75:13)
      at TestingInjector.loadProvider (
node_modules/@nestjs/core/injector/inje
ctor.js:103:9)
      at node_modules/@nestjs/core/inje
ctor/instance-loader.js:56:13
          at async Promise.all (index 
3)
      at TestingInstanceLoader.createIn
stancesOfProviders (node_modules/@nestj
s/core/injector/instance-loader.js:55:9
)
      at node_modules/@nestjs/core/inje
ctor/instance-loader.js:40:13
          at async Promise.all (index 
1)
      at 
TestingInstanceLoader.createInstances (
node_modules/@nestjs/core/injector/inst
ance-loader.js:39:9)
      at TestingInstanceLoader.createIn
stancesOfDependencies (node_modules/@ne
stjs/core/injector/instance-loader.js:2
2:13)
      at TestingInstanceLoader.createIn
stancesOfDependencies (node_modules/@ne
stjs/testing/testing-instance-loader.js
:9:9)
      at TestingModuleBuilder.createIns
tancesOfDependencies (node_modules/@nes
tjs/testing/testing-module.builder.js:1
18:9)
      at TestingModuleBuilder.compile (
node_modules/@nestjs/testing/testing-mo
dule.builder.js:74:9)
      at Object.<anonymous> (src/module
s/wallet/__tests__/wallet.service.spec.
ts:22:35)

  ΓùÅ WalletService ΓÇ║ updateTradePnL 
ΓÇ║ should do nothing if wallet does 
not exist

    Nest can't resolve dependencies of 
the WalletService (WalletRepository, 
?). Please make sure that the argument 
WalletValidationService at index [1] 
is available in the RootTestModule 
context.

    Potential solutions:
    - Is RootTestModule a valid NestJS 
module?
    - If WalletValidationService is a 
provider, is it part of the current 
RootTestModule?
    - If WalletValidationService is 
exported from a separate @Module, is 
that module imported within 
RootTestModule?
      @Module({
        imports: [ /* the Module 
containing WalletValidationService */ ]
      })

    For more common dependency 
resolution issues, see: https://docs.ne
stjs.com/faq/common-errors

    [0m [90m 20 |[39m     
[36mawait[39m 
connectTestDB()[33m;[39m
     [90m 21 |[39m
    [31m[1m>[22m[39m[90m 22 
|[39m     [36mconst[39m 
module[33m:[39m 
[33mTestingModule[39m [33m=[39m 
[36mawait[39m [33mTest[39m[33m.[3
9mcreateTestingModule({
     [90m    |[39m                   
                [31m[1m^[22m[39m
     [90m 23 |[39m       
providers[33m:[39m 
[[33mWalletService[39m[33m,[39m 
[33mWalletRepository[39m][33m,[39m
     [90m 24 |[39m     
})[33m.[39mcompile()[33m;[39m
     [90m 25 |[39m[0m

      at TestingInjector.lookupComponen
tInParentModules (node_modules/@nestjs/
core/injector/injector.js:290:19)
      at TestingInjector.resolveCompone
ntWrapper (node_modules/@nestjs/testing
/testing-injector.js:19:45)
      at resolveParam (node_modules/@ne
stjs/core/injector/injector.js:140:38)
          at async Promise.all (index 
1)
      at TestingInjector.resolveConstru
ctorParams (node_modules/@nestjs/core/i
njector/injector.js:169:27)
      at TestingInjector.loadInstance (
node_modules/@nestjs/core/injector/inje
ctor.js:75:13)
      at TestingInjector.loadProvider (
node_modules/@nestjs/core/injector/inje
ctor.js:103:9)
      at node_modules/@nestjs/core/inje
ctor/instance-loader.js:56:13
          at async Promise.all (index 
3)
      at TestingInstanceLoader.createIn
stancesOfProviders (node_modules/@nestj
s/core/injector/instance-loader.js:55:9
)
      at node_modules/@nestjs/core/inje
ctor/instance-loader.js:40:13
          at async Promise.all (index 
1)
      at 
TestingInstanceLoader.createInstances (
node_modules/@nestjs/core/injector/inst
ance-loader.js:39:9)
      at TestingInstanceLoader.createIn
stancesOfDependencies (node_modules/@ne
stjs/core/injector/instance-loader.js:2
2:13)
      at TestingInstanceLoader.createIn
stancesOfDependencies (node_modules/@ne
stjs/testing/testing-instance-loader.js
:9:9)
      at TestingModuleBuilder.createIns
tancesOfDependencies (node_modules/@nes
tjs/testing/testing-module.builder.js:1
18:9)
      at TestingModuleBuilder.compile (
node_modules/@nestjs/testing/testing-mo
dule.builder.js:74:9)
      at Object.<anonymous> (src/module
s/wallet/__tests__/wallet.service.spec.
ts:22:35)

FAIL src/modules/user/__tests__/user.se
rvice.spec.ts
  ΓùÅ UserService ΓÇ║ should activate 
user successfully

    expect(received).toBe(expected) // 
Object.is equality

    Expected: true
    Received: false

    [0m [90m 62 |[39m     
[36mconst[39m result [33m=[39m 
[36mawait[39m service[33m.[39mactiv
eUser(activateData[33m,[39m 
fakeSignature)[33m;[39m
     [90m 63 |[39m
    [31m[1m>[22m[39m[90m 64 
|[39m     expect(result)[33m.[39mtoB
e([36mtrue[39m)[33m;[39m
     [90m    |[39m                   
 [31m[1m^[22m[39m
     [90m 65 |[39m     [90m// 
Verify signature check[39m
     [90m 66 |[39m     expect(eip712U
til[33m.[39mverifyTypedDataSignature)
[33m.[39mtoHaveBeenCalled()[33m;[39
m
     [90m 67 |[39m[0m

      at Object.<anonymous> (src/module
s/user/__tests__/user.service.spec.ts:6
4:20)

  ΓùÅ UserService ΓÇ║ should return 
false if signature verification fails

    
expect(jest.fn()).toHaveBeenCalled()

    Expected number of calls: >= 1
    Received number of calls:    0

    [0m [90m 112 |[39m
     [90m 113 |[39m     expect(result
)[33m.[39mtoBe([36mfalse[39m)[33m;
[39m
    [31m[1m>[22m[39m[90m 114 
|[39m     expect(eip712Util[33m.[39m
verifyTypedDataSignature)[33m.[39mtoH
aveBeenCalled()[33m;[39m
     [90m     |[39m                  
                               
[31m[1m^[22m[39m
     [90m 115 |[39m   })[33m;[39m
     [90m 116 |[39m
     [90m 117 |[39m   
it([32m'should check active user 
correctly'[39m[33m,[39m 
[36masync[39m () [33m=>[39m {[0m

      at Object.<anonymous> (src/module
s/user/__tests__/user.service.spec.ts:1
14:49)

  ΓùÅ UserService ΓÇ║ should check 
active user correctly

    TypeError: Cannot read properties 
of undefined (reading 
'validateWalletAddress')

    [0m [90m 66 |[39m   
[36masync[39m 
isActiveUser(walletAddress[33m:[39m 
[33mHexString[39m)[33m:[39m [33mPr
omise[39m[33m<[39m[33mboolean[39m
[33m>[39m {
     [90m 67 |[39m     
[36mconst[39m validatedAddress 
[33m=[39m
    [31m[1m>[22m[39m[90m 68 
|[39m       [36mthis[39m[33m.[39mu
serValidation[33m.[39mvalidateWalletA
ddress(walletAddress)[33m;[39m
     [90m    |[39m                   
        [31m[1m^[22m[39m
     [90m 69 |[39m
     [90m 70 |[39m     
[36mconst[39m user [33m=[39m 
[36mawait[39m [36mthis[39m[33m.[3
9muserRepo[33m.[39mfindByWallet(valid
atedAddress)[33m;[39m
     [90m 71 |[39m[0m

      at UserService.isActiveUser (src/
modules/user/user.service.ts:68:27)
      at Object.<anonymous> (src/module
s/user/__tests__/user.service.spec.ts:1
18:26)


Test Suites: 3 failed, 23 passed, 26 
total
Tests:       26 failed, 371 passed, 
397 total
Snapshots:   0 total
Time:        6.797 s
Ran all test suites.
